<extra_id_0> O <extra_id_1> A4 <extra_id_2> O
<extra_id_0> A2 <extra_id_1> O <extra_id_2> A4 <extra_id_3> A5
<extra_id_0> A2 <extra_id_1> A3 <extra_id_2> A4 <extra_id_3> O <extra_id_4> A4
<extra_id_0> O <extra_id_1> A1 <extra_id_2> O <extra_id_3> A2 <extra_id_4> O <extra_id_5> O <extra_id_6> O <extra_id_7> O
<extra_id_0> O <extra_id_1> A2 <extra_id_2> A5 <extra_id_3> O
<extra_id_0> O <extra_id_1> A1 <extra_id_2> A2 <extra_id_3> A3
<extra_id_0> A1 <extra_id_1> A2 <extra_id_2> A2 <extra_id_3> A3 <extra_id_4> A5 <extra_id_5> A4
<extra_id_0> O <extra_id_1> A1 <extra_id_2> A2 <extra_id_3> A1 <extra_id_4> A3
<extra_id_0> A2 <extra_id_1> A2 <extra_id_2> O <extra_id_3> A5 <extra_id_4> A7 <extra_id_5> A7 <extra_id_6> A6
<extra_id_0> A1 <extra_id_1> A3 <extra_id_2> A3
<extra_id_0> O <extra_id_1> A1 <extra_id_2> A1 <extra_id_3> A2 <extra_id_4> A3 <extra_id_5> A4 <extra_id_6> A5
<extra_id_0> A1 <extra_id_1> A2 <extra_id_2> O <extra_id_3> A3 <extra_id_4> A3 <extra_id_5> A3
<extra_id_0> O <extra_id_1> O <extra_id_2> O <extra_id_3> O <extra_id_4> O <extra_id_5> A1 <extra_id_6> O <extra_id_7> O
<extra_id_0> O <extra_id_1> A1 <extra_id_2> O <extra_id_3> O <extra_id_4> O <extra_id_5> O <extra_id_6> O <extra_id_7> A2
<extra_id_0> A1 <extra_id_1> O <extra_id_2> O
<extra_id_0> A2 <extra_id_1> A2 <extra_id_2> A3 <extra_id_3> O <extra_id_4> O
<extra_id_0> O <extra_id_1> O <extra_id_2> O
<extra_id_0> O <extra_id_1> O <extra_id_2> A1 <extra_id_3> O <extra_id_4> A1 <extra_id_5> O <extra_id_6> O
<extra_id_0> O <extra_id_1> A1 <extra_id_2> O <extra_id_3> A3 <extra_id_4> A4 <extra_id_5> A4
<extra_id_0> A1 <extra_id_1> O <extra_id_2> O <extra_id_3> O <extra_id_4> O <extra_id_5> A2 <extra_id_6> A2 <extra_id_7> A3 <extra_id_8> O <extra_id_9> A3
<extra_id_0> O <extra_id_1> O <extra_id_2> O <extra_id_3> O <extra_id_4> A1 <extra_id_5> O <extra_id_6> O <extra_id_7> O
<extra_id_0> A1 <extra_id_1> O <extra_id_2> A2 <extra_id_3> A2 <extra_id_4> O <extra_id_5> O
<extra_id_0> A1 <extra_id_1> O <extra_id_2> A1 <extra_id_3> O <extra_id_4> O <extra_id_5> O <extra_id_6> O <extra_id_7> A2
<extra_id_0> O <extra_id_1> O <extra_id_2> O <extra_id_3> O <extra_id_4> O <extra_id_5> O <extra_id_6> A1
<extra_id_0> O <extra_id_1> O <extra_id_2> O <extra_id_3> O <extra_id_4> O <extra_id_5> O
<extra_id_0> O <extra_id_1> O <extra_id_2> A1 <extra_id_3> A1 <extra_id_4> A2 <extra_id_5> A2
<extra_id_0> A1 <extra_id_1> A1 <extra_id_2> A1 <extra_id_3> O <extra_id_4> A2 <extra_id_5> A2
<extra_id_0> O <extra_id_1> A2 <extra_id_2> A3 <extra_id_3> A2 <extra_id_4> O
<extra_id_0> A1 <extra_id_1> O <extra_id_2> O <extra_id_3> O
<extra_id_0> O <extra_id_1> O <extra_id_2> O <extra_id_3> O <extra_id_4> O
<extra_id_0> O <extra_id_1> O <extra_id_2> O <extra_id_3> O <extra_id_4> A2 <extra_id_5> A3 <extra_id_6> A3
<extra_id_0> O <extra_id_1> O <extra_id_2> O <extra_id_3> O <extra_id_4> O <extra_id_5> O <extra_id_6> A2 <extra_id_7> A2
<extra_id_0> O <extra_id_1> A1 <extra_id_2> A2 <extra_id_3> A3 <extra_id_4> O <extra_id_5> O <extra_id_6> A4
<extra_id_0> O <extra_id_1> O <extra_id_2> O <extra_id_3> O <extra_id_4> A2 <extra_id_5> A2 <extra_id_6> A3 <extra_id_7> A3 <extra_id_8> O <extra_id_9> A3
<extra_id_0> O <extra_id_1> O <extra_id_2> A1
<extra_id_0> A1 <extra_id_1> A3 <extra_id_2> O <extra_id_3> A3
<extra_id_0> O <extra_id_1> O <extra_id_2> O <extra_id_3> O
<extra_id_0> O <extra_id_1> O <extra_id_2> O <extra_id_3> A1 <extra_id_4> A2
<extra_id_0> A2 <extra_id_1> O <extra_id_2> A2 <extra_id_3> A2 <extra_id_4> A3
<extra_id_0> A1 <extra_id_1> A1 <extra_id_2> A2 <extra_id_3> O <extra_id_4> O <extra_id_5> O
<extra_id_0> A2 <extra_id_1> O <extra_id_2> A2 <extra_id_3> A3
<extra_id_0> O <extra_id_1> A1 <extra_id_2> O <extra_id_3> O <extra_id_4> O
<extra_id_0> O <extra_id_1> A7 <extra_id_2> A7
<extra_id_0> A1 <extra_id_1> A2 <extra_id_2> O <extra_id_3> A3 <extra_id_4> A4
<extra_id_0> A1 <extra_id_1> O <extra_id_2> O <extra_id_3> O <extra_id_4> O <extra_id_5> O <extra_id_6> O <extra_id_7> A2
<extra_id_0> O <extra_id_1> O <extra_id_2> O
<extra_id_0> O <extra_id_1> A2 <extra_id_2> A3 <extra_id_3> A3 <extra_id_4> O <extra_id_5> A5 <extra_id_6> A1 <extra_id_7> A1 <extra_id_8> A6 <extra_id_9> O <extra_id_10> O <extra_id_11> A7 <extra_id_12> A1 <extra_id_13> A1
<extra_id_0> A1 <extra_id_1> O <extra_id_2> O
<extra_id_0> O <extra_id_1> O <extra_id_2> A2 <extra_id_3> A1 <extra_id_4> A3 <extra_id_5> A4 <extra_id_6> A4
<extra_id_0> A1 <extra_id_1> A2 <extra_id_2> A3 <extra_id_3> A4 <extra_id_4> A4
<extra_id_0> A1 <extra_id_1> A2 <extra_id_2> O <extra_id_3> O <extra_id_4> O
<extra_id_0> O <extra_id_1> O <extra_id_2> A2 <extra_id_3> A3 <extra_id_4> A3
<extra_id_0> O <extra_id_1> O
<extra_id_0> A4 <extra_id_1> A3
<extra_id_0> O <extra_id_1> A2 <extra_id_2> A2 <extra_id_3> A3 <extra_id_4> A3
<extra_id_0> A1 <extra_id_1> O <extra_id_2> O <extra_id_3> O <extra_id_4> A1 <extra_id_5> O <extra_id_6> A2
<extra_id_0> A2 <extra_id_1> A2 <extra_id_2> O <extra_id_3> O <extra_id_4> O
<extra_id_0> O <extra_id_1> O <extra_id_2> O <extra_id_3> A1 <extra_id_4> A2 <extra_id_5> O <extra_id_6> O
<extra_id_0> A1 <extra_id_1> A3 <extra_id_2> O <extra_id_3> A4 <extra_id_4> O <extra_id_5> A4
<extra_id_0> A1 <extra_id_1> O <extra_id_2> A4 <extra_id_3> A5
<extra_id_0> A1 <extra_id_1> A4 <extra_id_2> A2 <extra_id_3> A5
<extra_id_0> A1 <extra_id_1> A2 <extra_id_2> O <extra_id_3> A3 <extra_id_4> A4
<extra_id_0> A2 <extra_id_1> O <extra_id_2> A3 <extra_id_3> A4
<extra_id_0> O <extra_id_1> A2 <extra_id_2> O <extra_id_3> O
<extra_id_0> A1 <extra_id_1> A2 <extra_id_2> O <extra_id_3> O <extra_id_4> O <extra_id_5> O <extra_id_6> O
<extra_id_0> O
<extra_id_0> A1 <extra_id_1> A2 <extra_id_2> A3 <extra_id_3> A3 <extra_id_4> A3 <extra_id_5> A3
<extra_id_0> A1 <extra_id_1> O <extra_id_2> O <extra_id_3> O <extra_id_4> O
<extra_id_0> A3 <extra_id_1> A4 <extra_id_2> A4
<extra_id_0> O <extra_id_1> O <extra_id_2> O <extra_id_3> O <extra_id_4> A3 <extra_id_5> A1 <extra_id_6> A1 <extra_id_7> A1
<extra_id_0> A2 <extra_id_1> A1 <extra_id_2> O <extra_id_3> A4 <extra_id_4> A5 <extra_id_5> A5
<extra_id_0> O <extra_id_1> O <extra_id_2> O <extra_id_3> A1 <extra_id_4> O <extra_id_5> O <extra_id_6> O <extra_id_7> O
<extra_id_0> O <extra_id_1> O <extra_id_2> O
<extra_id_0> O <extra_id_1> O <extra_id_2> O <extra_id_3> A1 <extra_id_4> A1
<extra_id_0> O <extra_id_1> O <extra_id_2> A1 <extra_id_3> O <extra_id_4> A2 <extra_id_5> A3 <extra_id_6> A3
<extra_id_0> O
<extra_id_0> A1 <extra_id_1> O <extra_id_2> A2 <extra_id_3> O <extra_id_4> O
<extra_id_0> A1 <extra_id_1> O <extra_id_2> O <extra_id_3> O <extra_id_4> O <extra_id_5> O <extra_id_6> O
<extra_id_0> O <extra_id_1> A1 <extra_id_2> A1 <extra_id_3> A2 <extra_id_4> A2 <extra_id_5> A2 <extra_id_6> A3 <extra_id_7> A3
<extra_id_0> O <extra_id_1> A3 <extra_id_2> A4
<extra_id_0> O <extra_id_1> A2 <extra_id_2> A1 <extra_id_3> A1 <extra_id_4> A1
<extra_id_0> O <extra_id_1> O <extra_id_2> O <extra_id_3> O <extra_id_4> O
<extra_id_0> O <extra_id_1> O <extra_id_2> A1 <extra_id_3> O <extra_id_4> A2 <extra_id_5> A2 <extra_id_6> A3 <extra_id_7> A3 <extra_id_8> A4 <extra_id_9> A4 <extra_id_10> A2 <extra_id_11> A4
<extra_id_0> O <extra_id_1> O <extra_id_2> O <extra_id_3> O <extra_id_4> A1 <extra_id_5> O <extra_id_6> O <extra_id_7> O <extra_id_8> A2
<extra_id_0> O <extra_id_1> A1 <extra_id_2> A3 <extra_id_3> A4
<extra_id_0> A1 <extra_id_1> O <extra_id_2> O <extra_id_3> O <extra_id_4> O <extra_id_5> O <extra_id_6> O <extra_id_7> O <extra_id_8> O
<extra_id_0> O <extra_id_1> O <extra_id_2> O <extra_id_3> O <extra_id_4> O <extra_id_5> O <extra_id_6> O <extra_id_7> O
<extra_id_0> O <extra_id_1> O <extra_id_2> O <extra_id_3> O <extra_id_4> O <extra_id_5> O <extra_id_6> A1 <extra_id_7> O <extra_id_8> O
<extra_id_0> O <extra_id_1> A2 <extra_id_2> O <extra_id_3> O <extra_id_4> O <extra_id_5> O <extra_id_6> O
<extra_id_0> O <extra_id_1> O <extra_id_2> O <extra_id_3> O <extra_id_4> A1 <extra_id_5> O <extra_id_6> O <extra_id_7> O
<extra_id_0> O <extra_id_1> A2 <extra_id_2> A2 <extra_id_3> O <extra_id_4> O <extra_id_5> O <extra_id_6> A3
<extra_id_0> O <extra_id_1> O <extra_id_2> O <extra_id_3> O <extra_id_4> O <extra_id_5> O <extra_id_6> O <extra_id_7> O <extra_id_8> A1
<extra_id_0> O <extra_id_1> O <extra_id_2> O <extra_id_3> A2 <extra_id_4> O <extra_id_5> O <extra_id_6> O
<extra_id_0> O <extra_id_1> O
<extra_id_0> O <extra_id_1> A1 <extra_id_2> A1 <extra_id_3> A1 <extra_id_4> O <extra_id_5> A2 <extra_id_6> A1 <extra_id_7> A1
<extra_id_0> A2 <extra_id_1> A2 <extra_id_2> A3 <extra_id_3> A3 <extra_id_4> A3 <extra_id_5> A4 <extra_id_6> O <extra_id_7> A4
<extra_id_0> A1 <extra_id_1> A2 <extra_id_2> A3 <extra_id_3> A4
<extra_id_0> A1 <extra_id_1> A2 <extra_id_2> A2 <extra_id_3> A3 <extra_id_4> A4 <extra_id_5> A5
<extra_id_0> O <extra_id_1> O <extra_id_2> O <extra_id_3> O <extra_id_4> O <extra_id_5> O <extra_id_6> A1 <extra_id_7> O <extra_id_8> A2
<extra_id_0> O <extra_id_1> A1 <extra_id_2> O
<extra_id_0> O <extra_id_1> O <extra_id_2> A1 <extra_id_3> A2 <extra_id_4> A2 <extra_id_5> A3 <extra_id_6> A3 <extra_id_7> A4 <extra_id_8> A4
<extra_id_0> O <extra_id_1> A2 <extra_id_2> A1 <extra_id_3> O <extra_id_4> O <extra_id_5> A4
<extra_id_0> A2 <extra_id_1> A2 <extra_id_2> A2 <extra_id_3> A1 <extra_id_4> O
<extra_id_0> A1 <extra_id_1> O <extra_id_2> O <extra_id_3> A2 <extra_id_4> A3 <extra_id_5> A4 <extra_id_6> O <extra_id_7> A4
<extra_id_0> O <extra_id_1> O <extra_id_2> O <extra_id_3> O <extra_id_4> O <extra_id_5> O <extra_id_6> O <extra_id_7> O
<extra_id_0> O <extra_id_1> O <extra_id_2> O <extra_id_3> O <extra_id_4> O <extra_id_5> O <extra_id_6> O
<extra_id_0> O <extra_id_1> O <extra_id_2> A1 <extra_id_3> A1 <extra_id_4> A1 <extra_id_5> A1 <extra_id_6> O
<extra_id_0> O <extra_id_1> A1 <extra_id_2> A1 <extra_id_3> A2 <extra_id_4> A2 <extra_id_5> A3
<extra_id_0> O <extra_id_1> A1 <extra_id_2> O <extra_id_3> O
<extra_id_0> O <extra_id_1> O <extra_id_2> O <extra_id_3> A3 <extra_id_4> O <extra_id_5> O <extra_id_6> O
<extra_id_0> O <extra_id_1> A1 <extra_id_2> O <extra_id_3> A2 <extra_id_4> O <extra_id_5> O <extra_id_6> A3
<extra_id_0> O <extra_id_1> O <extra_id_2> O <extra_id_3> A1 <extra_id_4> A1 <extra_id_5> O <extra_id_6> O <extra_id_7> O <extra_id_8> O
<extra_id_0> O <extra_id_1> A1 <extra_id_2> A1 <extra_id_3> O <extra_id_4> O <extra_id_5> O <extra_id_6> O
<extra_id_0> O <extra_id_1> O <extra_id_2> A1 <extra_id_3> A2 <extra_id_4> O <extra_id_5> A4 <extra_id_6> A4
<extra_id_0> O <extra_id_1> A1 <extra_id_2> A1 <extra_id_3> O <extra_id_4> A2 <extra_id_5> A3 <extra_id_6> A4 <extra_id_7> A5
<extra_id_0> O <extra_id_1> A1 <extra_id_2> O <extra_id_3> O <extra_id_4> O <extra_id_5> O <extra_id_6> A2
<extra_id_0> O <extra_id_1> A1 <extra_id_2> A1 <extra_id_3> A3 <extra_id_4> A3 <extra_id_5> A2 <extra_id_6> A2
<extra_id_0> A1 <extra_id_1> A1 <extra_id_2> A2 <extra_id_3> A2 <extra_id_4> A2 <extra_id_5> A2 <extra_id_6> A2 <extra_id_7> A2
<extra_id_0> O <extra_id_1> O <extra_id_2> O <extra_id_3> O <extra_id_4> O <extra_id_5> O <extra_id_6> O
<extra_id_0> O <extra_id_1> O <extra_id_2> O <extra_id_3> A2 <extra_id_4> A4 <extra_id_5> A5 <extra_id_6> A1 <extra_id_7> A1
<extra_id_0> O <extra_id_1> O <extra_id_2> O <extra_id_3> A1 <extra_id_4> A2 <extra_id_5> A2 <extra_id_6> O
<extra_id_0> O <extra_id_1> O <extra_id_2> A1 <extra_id_3> O <extra_id_4> O <extra_id_5> O <extra_id_6> A2
<extra_id_0> A1 <extra_id_1> A1 <extra_id_2> A1 <extra_id_3> A2 <extra_id_4> O <extra_id_5> O <extra_id_6> A3
<extra_id_0> O <extra_id_1> A1 <extra_id_2> A1 <extra_id_3> O <extra_id_4> A1 <extra_id_5> A1 <extra_id_6> A2 <extra_id_7> O <extra_id_8> A2
<extra_id_0> O <extra_id_1> O <extra_id_2> O <extra_id_3> O <extra_id_4> O <extra_id_5> O <extra_id_6> O <extra_id_7> A1 <extra_id_8> A1
<extra_id_0> O <extra_id_1> O <extra_id_2> O <extra_id_3> O <extra_id_4> O <extra_id_5> O <extra_id_6> O <extra_id_7> O <extra_id_8> O <extra_id_9> O
<extra_id_0> O <extra_id_1> O <extra_id_2> A1 <extra_id_3> A2 <extra_id_4> O <extra_id_5> O <extra_id_6> O <extra_id_7> O

<extra_id_0> O <extra_id_1> A1 <extra_id_2> A2 <extra_id_3> A3 <extra_id_4> A4
<extra_id_0> A1 <extra_id_1> A2 <extra_id_2> A3 <extra_id_3> A4 <extra_id_4> O
<extra_id_0> A1 <extra_id_1> A1 <extra_id_2> A1 <extra_id_3> O <extra_id_4> A2
<extra_id_0> O <extra_id_1> O <extra_id_2> A2 <extra_id_3> A1 <extra_id_4> A1 <extra_id_5> A1 <extra_id_6> A3
<extra_id_0> O <extra_id_1> O <extra_id_2> O <extra_id_3> O <extra_id_4> O <extra_id_5> O <extra_id_6> O <extra_id_7> O <extra_id_8> O
<extra_id_0> O <extra_id_1> O <extra_id_2> A2 <extra_id_3> A2 <extra_id_4> A3 <extra_id_5> A4 <extra_id_6> A1 <extra_id_7> A4 <extra_id_8> A1 <extra_id_9> A1 <extra_id_10> A1 <extra_id_11> O <extra_id_12> A1
<extra_id_0> O <extra_id_1> A1 <extra_id_2> O <extra_id_3> O <extra_id_4> O <extra_id_5> O <extra_id_6> O <extra_id_7> O <extra_id_8> O
<extra_id_0> O <extra_id_1> O <extra_id_2> O <extra_id_3> O <extra_id_4> O <extra_id_5> A1 <extra_id_6> O
<extra_id_0> O <extra_id_1> A1 <extra_id_2> A1 <extra_id_3> O <extra_id_4> O <extra_id_5> O
<extra_id_0> O <extra_id_1> A1 <extra_id_2> O <extra_id_3> O <extra_id_4> A2
<extra_id_0> A2 <extra_id_1> A1 <extra_id_2> A4 <extra_id_3> A3
<extra_id_0> A1 <extra_id_1> O <extra_id_2> O <extra_id_3> O <extra_id_4> O <extra_id_5> O <extra_id_6> O
<extra_id_0> A1 <extra_id_1> O <extra_id_2> O <extra_id_3> O <extra_id_4> O <extra_id_5> O
<extra_id_0> A1 <extra_id_1> A2 <extra_id_2> A4 <extra_id_3> A4
<extra_id_0> A1 <extra_id_1> A2 <extra_id_2> O <extra_id_3> A2
<extra_id_0> O
<extra_id_0> A2 <extra_id_1> O <extra_id_2> O <extra_id_3> A3 <extra_id_4> O
<extra_id_0> O <extra_id_1> A1 <extra_id_2> O <extra_id_3> O <extra_id_4> O <extra_id_5> O
<extra_id_0> A1 <extra_id_1> A2 <extra_id_2> A1 <extra_id_3> A1 <extra_id_4> A3
<extra_id_0> A2 <extra_id_1> O <extra_id_2> A3 <extra_id_3> O

<extra_id_0> A1 <extra_id_1> A2 <extra_id_2> A3
<extra_id_0> O <extra_id_1> O
<extra_id_0> A1 <extra_id_1> A1 <extra_id_2> A1 <extra_id_3> A2
<extra_id_0> A1 <extra_id_1> A2 <extra_id_2> A2 <extra_id_3> A3 <extra_id_4> A3
<extra_id_0> O <extra_id_1> O <extra_id_2> O <extra_id_3> O
<extra_id_0> A2 <extra_id_1> O <extra_id_2> A3 <extra_id_3> A3 <extra_id_4> O <extra_id_5> O <extra_id_6> A1 <extra_id_7> A1
<extra_id_0> O <extra_id_1> O <extra_id_2> O <extra_id_3> O <extra_id_4> O <extra_id_5> A1 <extra_id_6> A1 <extra_id_7> A1 <extra_id_8> A1
<extra_id_0> A1 <extra_id_1> A1 <extra_id_2> A2 <extra_id_3> O <extra_id_4> O <extra_id_5> O <extra_id_6> O <extra_id_7> A3
<extra_id_0> O <extra_id_1> O <extra_id_2> O <extra_id_3> O
<extra_id_0> A2 <extra_id_1> A3 <extra_id_2> A1 <extra_id_3> A1 <extra_id_4> A1 <extra_id_5> A4 <extra_id_6> A4
<extra_id_0> A1 <extra_id_1> A2 <extra_id_2> O <extra_id_3> A3 <extra_id_4> A4
<extra_id_0> O <extra_id_1> A2 <extra_id_2> A2 <extra_id_3> O <extra_id_4> O <extra_id_5> O <extra_id_6> O <extra_id_7> O
<extra_id_0> O <extra_id_1> O
<extra_id_0> O <extra_id_1> O <extra_id_2> A2 <extra_id_3> A2 <extra_id_4> A2 <extra_id_5> A1 <extra_id_6> A1
<extra_id_0> A1 <extra_id_1> A2 <extra_id_2> O <extra_id_3> O <extra_id_4> A4 <extra_id_5> A3 <extra_id_6> A3
<extra_id_0> O <extra_id_1> A1 <extra_id_2> A4 <extra_id_3> A4 <extra_id_4> O <extra_id_5> A4 <extra_id_6> A4 <extra_id_7> A4 <extra_id_8> A4 <extra_id_9> A3
<extra_id_0> O <extra_id_1> A3 <extra_id_2> O <extra_id_3> O <extra_id_4> O
<extra_id_0> O <extra_id_1> O <extra_id_2> O <extra_id_3> O <extra_id_4> O <extra_id_5> O <extra_id_6> O <extra_id_7> A1
<extra_id_0> O <extra_id_1> O <extra_id_2> O <extra_id_3> O <extra_id_4> O <extra_id_5> O <extra_id_6> O
<extra_id_0> A1 <extra_id_1> O <extra_id_2> O <extra_id_3> O <extra_id_4> O <extra_id_5> A3 <extra_id_6> A3
<extra_id_0> O <extra_id_1> O <extra_id_2> O <extra_id_3> O <extra_id_4> O <extra_id_5> O <extra_id_6> A2 <extra_id_7> A1 <extra_id_8> A1 <extra_id_9> A1
<extra_id_0> O <extra_id_1> O <extra_id_2> A1 <extra_id_3> A2 <extra_id_4> A3 <extra_id_5> O
<extra_id_0> A1 <extra_id_1> O <extra_id_2> O <extra_id_3> O <extra_id_4> O <extra_id_5> A3 <extra_id_6> A3
<extra_id_0> O <extra_id_1> A1 <extra_id_2> A1 <extra_id_3> O <extra_id_4> O <extra_id_5> O
<extra_id_0> O <extra_id_1> O <extra_id_2> A2 <extra_id_3> A3 <extra_id_4> O
<extra_id_0> A1 <extra_id_1> O <extra_id_2> O <extra_id_3> O <extra_id_4> O <extra_id_5> O <extra_id_6> O <extra_id_7> O
<extra_id_0> O <extra_id_1> O <extra_id_2> O
<extra_id_0> O <extra_id_1> O <extra_id_2> O <extra_id_3> A1 <extra_id_4> A2 <extra_id_5> A2 <extra_id_6> O
<extra_id_0> A1 <extra_id_1> A2 <extra_id_2> O <extra_id_3> A4 <extra_id_4> A3 <extra_id_5> A5
<extra_id_0> O <extra_id_1> A2 <extra_id_2> O <extra_id_3> O <extra_id_4> O
<extra_id_0> O <extra_id_1> O <extra_id_2> O <extra_id_3> O <extra_id_4> A3
<extra_id_0> A1 <extra_id_1> A3 <extra_id_2> A2 <extra_id_3> O <extra_id_4> O
<extra_id_0> O <extra_id_1> O <extra_id_2> O <extra_id_3> O <extra_id_4> A1 <extra_id_5> O <extra_id_6> A2 <extra_id_7> A3
<extra_id_0> O <extra_id_1> O <extra_id_2> O <extra_id_3> O <extra_id_4> O <extra_id_5> O <extra_id_6> O <extra_id_7> O
<extra_id_0> O <extra_id_1> O <extra_id_2> O <extra_id_3> O <extra_id_4> O <extra_id_5> O <extra_id_6> O <extra_id_7> A1 <extra_id_8> A1
<extra_id_0> O <extra_id_1> O <extra_id_2> O <extra_id_3> O <extra_id_4> O <extra_id_5> O <extra_id_6> O <extra_id_7> O
<extra_id_0> O <extra_id_1> O <extra_id_2> O <extra_id_3> O <extra_id_4> O <extra_id_5> O <extra_id_6> A1
<extra_id_0> O <extra_id_1> O <extra_id_2> O <extra_id_3> O <extra_id_4> O <extra_id_5> O <extra_id_6> A1
<extra_id_0> O <extra_id_1> O <extra_id_2> O <extra_id_3> O <extra_id_4> O <extra_id_5> O <extra_id_6> A1 <extra_id_7> A1 <extra_id_8> A1
<extra_id_0> O <extra_id_1> O <extra_id_2> O <extra_id_3> O <extra_id_4> O <extra_id_5> A1 <extra_id_6> O <extra_id_7> A2
<extra_id_0> A1 <extra_id_1> A2 <extra_id_2> O <extra_id_3> A4 <extra_id_4> O
<extra_id_0> O <extra_id_1> O <extra_id_2> O <extra_id_3> O <extra_id_4> O <extra_id_5> O <extra_id_6> O
<extra_id_0> O <extra_id_1> A4 <extra_id_2> A4
<extra_id_0> O <extra_id_1> O <extra_id_2> O <extra_id_3> A1 <extra_id_4> O
<extra_id_0> O <extra_id_1> O <extra_id_2> O <extra_id_3> O <extra_id_4> O <extra_id_5> O <extra_id_6> O <extra_id_7> O
<extra_id_0> O <extra_id_1> O <extra_id_2> O <extra_id_3> O <extra_id_4> O <extra_id_5> O <extra_id_6> O <extra_id_7> A2
<extra_id_0> O <extra_id_1> O <extra_id_2> A1 <extra_id_3> A2 <extra_id_4> A3 <extra_id_5> O
<extra_id_0> O <extra_id_1> O <extra_id_2> O <extra_id_3> O
<extra_id_0> O <extra_id_1> O <extra_id_2> A2 <extra_id_3> O <extra_id_4> O <extra_id_5> A3
<extra_id_0> A1 <extra_id_1> A1 <extra_id_2> O <extra_id_3> O <extra_id_4> O <extra_id_5> O <extra_id_6> A3
<extra_id_0> O <extra_id_1> A1 <extra_id_2> A2 <extra_id_3> A3 <extra_id_4> O <extra_id_5> O <extra_id_6> A4
<extra_id_0> O <extra_id_1> O <extra_id_2> O <extra_id_3> A1 <extra_id_4> O <extra_id_5> O <extra_id_6> O
<extra_id_0> O <extra_id_1> O <extra_id_2> O <extra_id_3> O <extra_id_4> O <extra_id_5> O <extra_id_6> O <extra_id_7> A1 <extra_id_8> A1
<extra_id_0> O <extra_id_1> O <extra_id_2> O <extra_id_3> O <extra_id_4> O <extra_id_5> O <extra_id_6> O
<extra_id_0> A1 <extra_id_1> O <extra_id_2> O <extra_id_3> O <extra_id_4> O <extra_id_5> O <extra_id_6> O <extra_id_7> O
<extra_id_0> O <extra_id_1> O <extra_id_2> O <extra_id_3> O <extra_id_4> O <extra_id_5> O <extra_id_6> O
<extra_id_0> O <extra_id_1> O <extra_id_2> O <extra_id_3> O
<extra_id_0> O <extra_id_1> O <extra_id_2> A1 <extra_id_3> O <extra_id_4> O <extra_id_5> O <extra_id_6> O <extra_id_7> A2 <extra_id_8> O <extra_id_9> O <extra_id_10> O <extra_id_11> A2
<extra_id_0> O <extra_id_1> O
<extra_id_0> O <extra_id_1> O <extra_id_2> A2 <extra_id_3> O <extra_id_4> A3 <extra_id_5> A4 <extra_id_6> O <extra_id_7> A1
<extra_id_0> O <extra_id_1> O <extra_id_2> O <extra_id_3> O <extra_id_4> O <extra_id_5> O <extra_id_6> A1
<extra_id_0> O <extra_id_1> O <extra_id_2> O <extra_id_3> O <extra_id_4> O <extra_id_5> O <extra_id_6> O <extra_id_7> O
<extra_id_0> O <extra_id_1> A1 <extra_id_2> A1 <extra_id_3> O <extra_id_4> O <extra_id_5> O <extra_id_6> O <extra_id_7> O
<extra_id_0> A1 <extra_id_1> O <extra_id_2> A1 <extra_id_3> O <extra_id_4> O <extra_id_5> O <extra_id_6> O
<extra_id_0> O <extra_id_1> O <extra_id_2> O <extra_id_3> O <extra_id_4> O <extra_id_5> O <extra_id_6> O
<extra_id_0> O <extra_id_1> A1 <extra_id_2> A2 <extra_id_3> O <extra_id_4> O <extra_id_5> O <extra_id_6> O
<extra_id_0> O <extra_id_1> A1 <extra_id_2> O <extra_id_3> O <extra_id_4> O <extra_id_5> O <extra_id_6> O <extra_id_7> O <extra_id_8> O
<extra_id_0> O <extra_id_1> A1 <extra_id_2> O
<extra_id_0> O <extra_id_1> O <extra_id_2> O <extra_id_3> A1 <extra_id_4> A1 <extra_id_5> A2
<extra_id_0> A1 <extra_id_1> A1 <extra_id_2> A2 <extra_id_3> O <extra_id_4> O <extra_id_5> A3
<extra_id_0> O <extra_id_1> A1 <extra_id_2> A1 <extra_id_3> O <extra_id_4> A1 <extra_id_5> A2 <extra_id_6> A2
<extra_id_0> O <extra_id_1> O <extra_id_2> O <extra_id_3> O <extra_id_4> A1 <extra_id_5> A3
<extra_id_0> A1 <extra_id_1> O <extra_id_2> O <extra_id_3> O <extra_id_4> O <extra_id_5> O <extra_id_6> O <extra_id_7> O
<extra_id_0> O <extra_id_1> O <extra_id_2> O <extra_id_3> O <extra_id_4> O
<extra_id_0> O <extra_id_1> O <extra_id_2> O <extra_id_3> O <extra_id_4> A1 <extra_id_5> O <extra_id_6> O <extra_id_7> O
<extra_id_0> O <extra_id_1> O <extra_id_2> O <extra_id_3> A1 <extra_id_4> A2 <extra_id_5> A2 <extra_id_6> A2 <extra_id_7> A2
<extra_id_0> O <extra_id_1> A1 <extra_id_2> O <extra_id_3> O <extra_id_4> A2 <extra_id_5> A3
<extra_id_0> A1 <extra_id_1> A1 <extra_id_2> O <extra_id_3> O <extra_id_4> O <extra_id_5> O <extra_id_6> O
<extra_id_0> O <extra_id_1> O <extra_id_2> A1 <extra_id_3> O <extra_id_4> O <extra_id_5> O <extra_id_6> O <extra_id_7> A2 <extra_id_8> A2
<extra_id_0> O <extra_id_1> A1 <extra_id_2> A2 <extra_id_3> O <extra_id_4> O <extra_id_5> O <extra_id_6> O
<extra_id_0> O <extra_id_1> O <extra_id_2> O <extra_id_3> O <extra_id_4> O <extra_id_5> O <extra_id_6> O <extra_id_7> O <extra_id_8> O <extra_id_9> A1 <extra_id_10> A1
<extra_id_0> O <extra_id_1> O <extra_id_2> O <extra_id_3> O <extra_id_4> O <extra_id_5> A1 <extra_id_6> A1 <extra_id_7> O <extra_id_8> A2
<extra_id_0> O <extra_id_1> O <extra_id_2> O <extra_id_3> O <extra_id_4> O <extra_id_5> A2 <extra_id_6> A2 <extra_id_7> O <extra_id_8> A1
<extra_id_0> O <extra_id_1> O <extra_id_2> O <extra_id_3> A1 <extra_id_4> O <extra_id_5> O <extra_id_6> A2
<extra_id_0> O <extra_id_1> A1 <extra_id_2> O <extra_id_3> O <extra_id_4> A2 <extra_id_5> O
<extra_id_0> O <extra_id_1> O <extra_id_2> A2 <extra_id_3> A2 <extra_id_4> A3 <extra_id_5> A3
<extra_id_0> O <extra_id_1> A1 <extra_id_2> A1 <extra_id_3> O <extra_id_4> O <extra_id_5> O
<extra_id_0> O <extra_id_1> O <extra_id_2> O <extra_id_3> A1 <extra_id_4> O <extra_id_5> O <extra_id_6> O <extra_id_7> O <extra_id_8> O <extra_id_9> O
<extra_id_0> O <extra_id_1> O <extra_id_2> O <extra_id_3> O <extra_id_4> O <extra_id_5> O <extra_id_6> O <extra_id_7> O <extra_id_8> O <extra_id_9> O
<extra_id_0> O <extra_id_1> O <extra_id_2> O <extra_id_3> O <extra_id_4> O
<extra_id_0> O <extra_id_1> O <extra_id_2> O <extra_id_3> O <extra_id_4> A1 <extra_id_5> A2
<extra_id_0> A1 <extra_id_1> O <extra_id_2> A2 <extra_id_3> O <extra_id_4> A3 <extra_id_5> O
<extra_id_0> O
<extra_id_0> A4 <extra_id_1> A5 <extra_id_2> A6
<extra_id_0> A1 <extra_id_1> O <extra_id_2> O <extra_id_3> O <extra_id_4> O
<extra_id_0> O <extra_id_1> A1 <extra_id_2> O <extra_id_3> O <extra_id_4> A3 <extra_id_5> A3 <extra_id_6> A3 <extra_id_7> O <extra_id_8> O <extra_id_9> A3
<extra_id_0> O <extra_id_1> O <extra_id_2> O <extra_id_3> O
<extra_id_0> O <extra_id_1> A1 <extra_id_2> O <extra_id_3> O <extra_id_4> A3 <extra_id_5> A3
<extra_id_0> O <extra_id_1> O <extra_id_2> O <extra_id_3> O <extra_id_4> O <extra_id_5> A2
<extra_id_0> A1 <extra_id_1> O <extra_id_2> O <extra_id_3> A2 <extra_id_4> O <extra_id_5> O <extra_id_6> O <extra_id_7> O
<extra_id_0> O <extra_id_1> O <extra_id_2> A1 <extra_id_3> A2 <extra_id_4> A2 <extra_id_5> O <extra_id_6> O
<extra_id_0> O <extra_id_1> O <extra_id_2> O <extra_id_3> A1 <extra_id_4> O <extra_id_5> A1 <extra_id_6> O <extra_id_7> O
<extra_id_0> O <extra_id_1> O <extra_id_2> O
<extra_id_0> O <extra_id_1> A2 <extra_id_2> A3 <extra_id_3> A3 <extra_id_4> A4
<extra_id_0> A2 <extra_id_1> A2 <extra_id_2> O <extra_id_3> A3 <extra_id_4> A3 <extra_id_5> A3
<extra_id_0> A1 <extra_id_1> O <extra_id_2> A2 <extra_id_3> O <extra_id_4> O <extra_id_5> O
<extra_id_0> O <extra_id_1> A1 <extra_id_2> A1 <extra_id_3> O <extra_id_4> O <extra_id_5> O <extra_id_6> O
<extra_id_0> O <extra_id_1> A1 <extra_id_2> A2 <extra_id_3> A2
<extra_id_0> O <extra_id_1> O <extra_id_2> A1 <extra_id_3> O <extra_id_4> O <extra_id_5> A2 <extra_id_6> O
<extra_id_0> O <extra_id_1> O <extra_id_2> O <extra_id_3> O <extra_id_4> O <extra_id_5> O <extra_id_6> O <extra_id_7> O
<extra_id_0> O
<extra_id_0> O <extra_id_1> O <extra_id_2> O <extra_id_3> O <extra_id_4> O <extra_id_5> O <extra_id_6> O <extra_id_7> O
<extra_id_0> A2 <extra_id_1> O <extra_id_2> O <extra_id_3> A4 <extra_id_4> A4 <extra_id_5> O
<extra_id_0> O <extra_id_1> O <extra_id_2> O <extra_id_3> O <extra_id_4> O <extra_id_5> A1 <extra_id_6> A1
<extra_id_0> O <extra_id_1> O <extra_id_2> O <extra_id_3> O
<extra_id_0> O <extra_id_1> A3 <extra_id_2> A4 <extra_id_3> A5
<extra_id_0> A2 <extra_id_1> A4 <extra_id_2> A3 <extra_id_3> O
<extra_id_0> O <extra_id_1> O <extra_id_2> A3 <extra_id_3> A4 <extra_id_4> A4
<extra_id_0> A1 <extra_id_1> A1 <extra_id_2> O <extra_id_3> O <extra_id_4> O <extra_id_5> O <extra_id_6> A2
<extra_id_0> O <extra_id_1> O <extra_id_2> O <extra_id_3> O <extra_id_4> O <extra_id_5> O <extra_id_6> O <extra_id_7> O <extra_id_8> A1
<extra_id_0> O <extra_id_1> O <extra_id_2> O <extra_id_3> O <extra_id_4> O <extra_id_5> O <extra_id_6> A1 <extra_id_7> A1 <extra_id_8> O <extra_id_9> A2
<extra_id_0> O <extra_id_1> O <extra_id_2> O <extra_id_3> O <extra_id_4> O <extra_id_5> O <extra_id_6> O <extra_id_7> O
<extra_id_0> O <extra_id_1> O <extra_id_2> O
<extra_id_0> O <extra_id_1> A2 <extra_id_2> O <extra_id_3> A1 <extra_id_4> A3 <extra_id_5> A3 <extra_id_6> A3
<extra_id_0> O <extra_id_1> O <extra_id_2> O <extra_id_3> O <extra_id_4> O <extra_id_5> O <extra_id_6> O <extra_id_7> O
<extra_id_0> A3 <extra_id_1> A4 <extra_id_2> O <extra_id_3> A5 <extra_id_4> A6 <extra_id_5> A7 <extra_id_6> A8 <extra_id_7> A8 <extra_id_8> A9 <extra_id_9> A10 <extra_id_10> A1
<extra_id_0> O <extra_id_1> O <extra_id_2> O <extra_id_3> O <extra_id_4> A1 <extra_id_5> O <extra_id_6> O
<extra_id_0> O <extra_id_1> O <extra_id_2> O <extra_id_3> A2 <extra_id_4> O <extra_id_5> A4
<extra_id_0> O <extra_id_1> O
<extra_id_0> A1 <extra_id_1> O <extra_id_2> O <extra_id_3> O <extra_id_4> O <extra_id_5> O
<extra_id_0> O <extra_id_1> O <extra_id_2> O
<extra_id_0> A1 <extra_id_1> O <extra_id_2> A2 <extra_id_3> O <extra_id_4> A2 <extra_id_5> A3
<extra_id_0> O
<extra_id_0> A2 <extra_id_1> A2 <extra_id_2> O <extra_id_3> O <extra_id_4> A5 <extra_id_5> A6 <extra_id_6> A3
<extra_id_0> A1 <extra_id_1> A1 <extra_id_2> O <extra_id_3> A2 <extra_id_4> O <extra_id_5> O <extra_id_6> A3
<extra_id_0> O <extra_id_1> A1 <extra_id_2> A2 <extra_id_3> A3 <extra_id_4> A4
<extra_id_0> A1 <extra_id_1> A2 <extra_id_2> O <extra_id_3> O <extra_id_4> O
<extra_id_0> O <extra_id_1> O <extra_id_2> O <extra_id_3> A1 <extra_id_4> O <extra_id_5> O <extra_id_6> O <extra_id_7> A2 <extra_id_8> A2
<extra_id_0> O <extra_id_1> A1 <extra_id_2> O <extra_id_3> O
<extra_id_0> O <extra_id_1> O <extra_id_2> A3 <extra_id_3> A4 <extra_id_4> A4
<extra_id_0> O <extra_id_1> A1 <extra_id_2> O <extra_id_3> O <extra_id_4> A2 <extra_id_5> A3
<extra_id_0> O <extra_id_1> O <extra_id_2> O <extra_id_3> A1 <extra_id_4> O
<extra_id_0> O <extra_id_1> A1 <extra_id_2> A1 <extra_id_3> O <extra_id_4> A3 <extra_id_5> O
<extra_id_0> A1 <extra_id_1> A1 <extra_id_2> O <extra_id_3> A3 <extra_id_4> O <extra_id_5> O <extra_id_6> O <extra_id_7> A4
<extra_id_0> O
<extra_id_0> A1 <extra_id_1> A3 <extra_id_2> O
<extra_id_0> O
<extra_id_0> O <extra_id_1> O <extra_id_2> O <extra_id_3> A2 <extra_id_4> A2
<extra_id_0> A1 <extra_id_1> O <extra_id_2> A2 <extra_id_3> O <extra_id_4> A3
<extra_id_0> A1 <extra_id_1> A1
<extra_id_0> A2 <extra_id_1> A3 <extra_id_2> A4
<extra_id_0> A2 <extra_id_1> A3 <extra_id_2> A4 <extra_id_3> A4
<extra_id_0> O <extra_id_1> A1 <extra_id_2> O <extra_id_3> O <extra_id_4> O <extra_id_5> O
<extra_id_0> A1 <extra_id_1> O <extra_id_2> A2 <extra_id_3> A2 <extra_id_4> O
<extra_id_0> O <extra_id_1> A1 <extra_id_2> A2 <extra_id_3> A2 <extra_id_4> O
<extra_id_0> O <extra_id_1> O
<extra_id_0> O <extra_id_1> O <extra_id_2> A1 <extra_id_3> A1 <extra_id_4> O <extra_id_5> A2 <extra_id_6> A2 <extra_id_7> A3
<extra_id_0> A1 <extra_id_1> A1 <extra_id_2> A2 <extra_id_3> A2 <extra_id_4> A3 <extra_id_5> O <extra_id_6> O
<extra_id_0> A1 <extra_id_1> A2 <extra_id_2> A3 <extra_id_3> A4 <extra_id_4> A5
<extra_id_0> A2 <extra_id_1> A2 <extra_id_2> A2 <extra_id_3> A2 <extra_id_4> A3 <extra_id_5> O <extra_id_6> O
<extra_id_0> A1 <extra_id_1> A1 <extra_id_2> A2 <extra_id_3> O <extra_id_4> O <extra_id_5> A3
<extra_id_0> O <extra_id_1> O <extra_id_2> A1 <extra_id_3> O <extra_id_4> O <extra_id_5> A2 <extra_id_6> O
<extra_id_0> A2 <extra_id_1> A2 <extra_id_2> O <extra_id_3> O <extra_id_4> O <extra_id_5> O <extra_id_6> A3
<extra_id_0> O <extra_id_1> O <extra_id_2> O <extra_id_3> O <extra_id_4> A1 <extra_id_5> O <extra_id_6> A3 <extra_id_7> A3
<extra_id_0> O <extra_id_1> O <extra_id_2> A1 <extra_id_3> O <extra_id_4> O <extra_id_5> A2 <extra_id_6> O <extra_id_7> O
<extra_id_0> O <extra_id_1> O
<extra_id_0> O <extra_id_1> O <extra_id_2> A3 <extra_id_3> A4 <extra_id_4> A5 <extra_id_5> A5 <extra_id_6> A1
<extra_id_0> A1 <extra_id_1> A1 <extra_id_2> O <extra_id_3> A2 <extra_id_4> O <extra_id_5> O <extra_id_6> A3
<extra_id_0> A1 <extra_id_1> O <extra_id_2> O <extra_id_3> O <extra_id_4> A3 <extra_id_5> O
<extra_id_0> O <extra_id_1> O <extra_id_2> A1 <extra_id_3> O <extra_id_4> O <extra_id_5> O <extra_id_6> O <extra_id_7> O
<extra_id_0> O <extra_id_1> O <extra_id_2> O <extra_id_3> O <extra_id_4> O
<extra_id_0> O <extra_id_1> O <extra_id_2> O <extra_id_3> O <extra_id_4> O <extra_id_5> A4 <extra_id_6> A6 <extra_id_7> O <extra_id_8> O <extra_id_9> A7 <extra_id_10> A8 <extra_id_11> O <extra_id_12> O <extra_id_13> A1
<extra_id_0> A3 <extra_id_1> A4 <extra_id_2> A4 <extra_id_3> A5
<extra_id_0> O <extra_id_1> O <extra_id_2> A1 <extra_id_3> O <extra_id_4> O <extra_id_5> O <extra_id_6> O
<extra_id_0> O
<extra_id_0> O <extra_id_1> A2 <extra_id_2> O <extra_id_3> A3 <extra_id_4> O <extra_id_5> A1 <extra_id_6> A1 <extra_id_7> A4 <extra_id_8> A4 <extra_id_9> A1
<extra_id_0> O <extra_id_1> O <extra_id_2> O <extra_id_3> O <extra_id_4> O <extra_id_5> O <extra_id_6> O <extra_id_7> O <extra_id_8> O
<extra_id_0> O <extra_id_1> O <extra_id_2> O <extra_id_3> O <extra_id_4> O <extra_id_5> O <extra_id_6> O <extra_id_7> O <extra_id_8> O <extra_id_9> O
<extra_id_0> O <extra_id_1> O <extra_id_2> O <extra_id_3> A1 <extra_id_4> O <extra_id_5> O
<extra_id_0> O <extra_id_1> O <extra_id_2> O <extra_id_3> O <extra_id_4> O <extra_id_5> O <extra_id_6> O
<extra_id_0> O <extra_id_1> O <extra_id_2> O <extra_id_3> O <extra_id_4> O <extra_id_5> O <extra_id_6> O <extra_id_7> O
<extra_id_0> O <extra_id_1> O <extra_id_2> O <extra_id_3> A1 <extra_id_4> A2 <extra_id_5> A3 <extra_id_6> A3
<extra_id_0> A1 <extra_id_1> A1 <extra_id_2> A2 <extra_id_3> A3
<extra_id_0> O <extra_id_1> O <extra_id_2> O <extra_id_3> O <extra_id_4> O <extra_id_5> A1 <extra_id_6> A1
<extra_id_0> O <extra_id_1> O <extra_id_2> A1 <extra_id_3> O <extra_id_4> O <extra_id_5> O <extra_id_6> O
<extra_id_0> O <extra_id_1> O <extra_id_2> O <extra_id_3> O <extra_id_4> O <extra_id_5> O <extra_id_6> O <extra_id_7> O
<extra_id_0> O <extra_id_1> O <extra_id_2> O <extra_id_3> O <extra_id_4> O <extra_id_5> A1 <extra_id_6> O <extra_id_7> O
<extra_id_0> O <extra_id_1> O <extra_id_2> O <extra_id_3> O <extra_id_4> O <extra_id_5> O <extra_id_6> O <extra_id_7> A1
<extra_id_0> O <extra_id_1> O <extra_id_2> O <extra_id_3> O
<extra_id_0> O <extra_id_1> O <extra_id_2> O <extra_id_3> A2 <extra_id_4> O <extra_id_5> O <extra_id_6> A1 <extra_id_7> A1

<extra_id_0> A1 <extra_id_1> O <extra_id_2> A1 <extra_id_3> A2 <extra_id_4> A3
<extra_id_0> O <extra_id_1> A1 <extra_id_2> O <extra_id_3> A1 <extra_id_4> O <extra_id_5> A2 <extra_id_6> A2 <extra_id_7> A3 <extra_id_8> A3 <extra_id_9> A3
<extra_id_0> A1 <extra_id_1> A1 <extra_id_2> A2 <extra_id_3> A2 <extra_id_4> O <extra_id_5> A4
<extra_id_0> O <extra_id_1> O <extra_id_2> O <extra_id_3> O <extra_id_4> A1 <extra_id_5> A1 <extra_id_6> O <extra_id_7> O <extra_id_8> O
<extra_id_0> O <extra_id_1> O <extra_id_2> O <extra_id_3> A2 <extra_id_4> O <extra_id_5> O
<extra_id_0> O <extra_id_1> O <extra_id_2> A1 <extra_id_3> A1 <extra_id_4> A1 <extra_id_5> A1 <extra_id_6> O
<extra_id_0> O <extra_id_1> O <extra_id_2> O <extra_id_3> O <extra_id_4> O <extra_id_5> O <extra_id_6> O <extra_id_7> O
<extra_id_0> O
<extra_id_0> O <extra_id_1> O <extra_id_2> A1 <extra_id_3> O <extra_id_4> O <extra_id_5> A2 <extra_id_6> A3
<extra_id_0> A1 <extra_id_1> A2 <extra_id_2> O <extra_id_3> O <extra_id_4> O <extra_id_5> A3 <extra_id_6> A3 <extra_id_7> A3 <extra_id_8> A3 <extra_id_9> A4 <extra_id_10> A4 <extra_id_11> A5
<extra_id_0> O <extra_id_1> A1 <extra_id_2> O <extra_id_3> O <extra_id_4> A2 <extra_id_5> A2 <extra_id_6> A3
<extra_id_0> O <extra_id_1> A1 <extra_id_2> A3 <extra_id_3> O <extra_id_4> O <extra_id_5> O
<extra_id_0> O <extra_id_1> O <extra_id_2> O <extra_id_3> A1 <extra_id_4> A1 <extra_id_5> O <extra_id_6> O
<extra_id_0> O
<extra_id_0> O <extra_id_1> O <extra_id_2> O <extra_id_3> O <extra_id_4> O <extra_id_5> O <extra_id_6> O <extra_id_7> O <extra_id_8> O
<extra_id_0> O <extra_id_1> O <extra_id_2> O <extra_id_3> O <extra_id_4> O <extra_id_5> A1 <extra_id_6> A1 <extra_id_7> A1
<extra_id_0> O <extra_id_1> A1 <extra_id_2> A2 <extra_id_3> A2 <extra_id_4> A2 <extra_id_5> O <extra_id_6> A3
<extra_id_0> O <extra_id_1> O <extra_id_2> O <extra_id_3> A1 <extra_id_4> O <extra_id_5> O <extra_id_6> O <extra_id_7> O
<extra_id_0> O <extra_id_1> O <extra_id_2> O <extra_id_3> O <extra_id_4> O <extra_id_5> O <extra_id_6> O <extra_id_7> O <extra_id_8> O <extra_id_9> O
<extra_id_0> O <extra_id_1> O <extra_id_2> O
<extra_id_0> O <extra_id_1> A3 <extra_id_2> A3 <extra_id_3> A2 <extra_id_4> A2
<extra_id_0> O <extra_id_1> A1 <extra_id_2> O <extra_id_3> O <extra_id_4> O <extra_id_5> O
<extra_id_0> O <extra_id_1> A1 <extra_id_2> O <extra_id_3> O <extra_id_4> A3 <extra_id_5> A3
<extra_id_0> O <extra_id_1> O <extra_id_2> O <extra_id_3> O <extra_id_4> A1 <extra_id_5> O <extra_id_6> O <extra_id_7> A2 <extra_id_8> A2
<extra_id_0> O <extra_id_1> O <extra_id_2> O <extra_id_3> A1 <extra_id_4> O <extra_id_5> O
<extra_id_0> O <extra_id_1> A1 <extra_id_2> O <extra_id_3> O <extra_id_4> O
<extra_id_0> O <extra_id_1> O <extra_id_2> O <extra_id_3> O <extra_id_4> O <extra_id_5> A3 <extra_id_6> A2 <extra_id_7> A2
<extra_id_0> O <extra_id_1> O <extra_id_2> O <extra_id_3> O <extra_id_4> A1
<extra_id_0> A1 <extra_id_1> A1 <extra_id_2> A2 <extra_id_3> A2 <extra_id_4> A3 <extra_id_5> A3 <extra_id_6> A3 <extra_id_7> A3
<extra_id_0> A1 <extra_id_1> A2 <extra_id_2> O <extra_id_3> O <extra_id_4> A4 <extra_id_5> A3
<extra_id_0> O <extra_id_1> O <extra_id_2> O
<extra_id_0> O <extra_id_1> A3 <extra_id_2> A1 <extra_id_3> O
<extra_id_0> O <extra_id_1> O <extra_id_2> O <extra_id_3> O <extra_id_4> O <extra_id_5> O <extra_id_6> A2 <extra_id_7> A2 <extra_id_8> A2
<extra_id_0> O <extra_id_1> O <extra_id_2> O <extra_id_3> O <extra_id_4> O <extra_id_5> O <extra_id_6> O
<extra_id_0> O <extra_id_1> O <extra_id_2> O <extra_id_3> O <extra_id_4> O <extra_id_5> A1 <extra_id_6> O <extra_id_7> A4 <extra_id_8> A3 <extra_id_9> A4
<extra_id_0> O <extra_id_1> O <extra_id_2> O <extra_id_3> A1 <extra_id_4> O <extra_id_5> O <extra_id_6> A1 <extra_id_7> A2 <extra_id_8> A2
<extra_id_0> O <extra_id_1> A1 <extra_id_2> O <extra_id_3> A4
<extra_id_0> O <extra_id_1> O <extra_id_2> A2 <extra_id_3> A2 <extra_id_4> O <extra_id_5> O <extra_id_6> A4
<extra_id_0> A2 <extra_id_1> O <extra_id_2> O <extra_id_3> O
<extra_id_0> A1 <extra_id_1> A2 <extra_id_2> A3 <extra_id_3> A3
<extra_id_0> A1 <extra_id_1> A2 <extra_id_2> A3 <extra_id_3> A4 <extra_id_4> A5
<extra_id_0> A1 <extra_id_1> O
<extra_id_0> O <extra_id_1> O <extra_id_2> O <extra_id_3> A2 <extra_id_4> O <extra_id_5> A1
<extra_id_0> A1 <extra_id_1> A1 <extra_id_2> A2 <extra_id_3> O <extra_id_4> O <extra_id_5> O <extra_id_6> O <extra_id_7> O
<extra_id_0> O <extra_id_1> A1 <extra_id_2> A2 <extra_id_3> O <extra_id_4> O <extra_id_5> O
<extra_id_0> O
<extra_id_0> O <extra_id_1> A3 <extra_id_2> A3 <extra_id_3> A4 <extra_id_4> O
<extra_id_0> A1 <extra_id_1> A1 <extra_id_2> O <extra_id_3> O <extra_id_4> O <extra_id_5> O <extra_id_6> O
<extra_id_0> O <extra_id_1> A2 <extra_id_2> A1 <extra_id_3> A3
<extra_id_0> A1 <extra_id_1> A1 <extra_id_2> O <extra_id_3> A2 <extra_id_4> A4
<extra_id_0> O <extra_id_1> A1 <extra_id_2> A1 <extra_id_3> A1 <extra_id_4> O <extra_id_5> O <extra_id_6> O <extra_id_7> O
<extra_id_0> O <extra_id_1> A1 <extra_id_2> A1 <extra_id_3> O <extra_id_4> A3 <extra_id_5> A4 <extra_id_6> A4 <extra_id_7> A4
<extra_id_0> A1 <extra_id_1> A1 <extra_id_2> O <extra_id_3> O <extra_id_4> O <extra_id_5> O <extra_id_6> O
<extra_id_0> O <extra_id_1> O <extra_id_2> O <extra_id_3> A1 <extra_id_4> A1 <extra_id_5> O <extra_id_6> O
<extra_id_0> O <extra_id_1> O <extra_id_2> O
<extra_id_0> A3 <extra_id_1> A1 <extra_id_2> A5
<extra_id_0> A1 <extra_id_1> A1 <extra_id_2> O <extra_id_3> A2 <extra_id_4> O <extra_id_5> O <extra_id_6> O <extra_id_7> A3
<extra_id_0> O <extra_id_1> O <extra_id_2> A1 <extra_id_3> A1 <extra_id_4> O <extra_id_5> O
<extra_id_0> O <extra_id_1> O <extra_id_2> A1 <extra_id_3> A1 <extra_id_4> A2 <extra_id_5> A2 <extra_id_6> A2
<extra_id_0> A1 <extra_id_1> A2 <extra_id_2> A3 <extra_id_3> A4 <extra_id_4> A5 <extra_id_5> O
<extra_id_0> O <extra_id_1> O <extra_id_2> O <extra_id_3> O <extra_id_4> O <extra_id_5> O <extra_id_6> A1 <extra_id_7> A1
<extra_id_0> O <extra_id_1> O <extra_id_2> O <extra_id_3> O <extra_id_4> O <extra_id_5> A1 <extra_id_6> A2 <extra_id_7> O <extra_id_8> O <extra_id_9> A3
<extra_id_0> A1 <extra_id_1> A1 <extra_id_2> O <extra_id_3> O <extra_id_4> O
<extra_id_0> A3 <extra_id_1> O <extra_id_2> O <extra_id_3> O <extra_id_4> A3
<extra_id_0> O <extra_id_1> A3 <extra_id_2> O <extra_id_3> A4
<extra_id_0> O <extra_id_1> O <extra_id_2> O <extra_id_3> O <extra_id_4> O <extra_id_5> O
<extra_id_0> O <extra_id_1> O <extra_id_2> O <extra_id_3> A1 <extra_id_4> A1 <extra_id_5> A1 <extra_id_6> A1
<extra_id_0> O <extra_id_1> O <extra_id_2> O <extra_id_3> A2 <extra_id_4> A2 <extra_id_5> A3 <extra_id_6> A4 <extra_id_7> A4 <extra_id_8> A5 <extra_id_9> O <extra_id_10> O <extra_id_11> A6 <extra_id_12> A6 <extra_id_13> A1 <extra_id_14> O <extra_id_15> A1
<extra_id_0> O <extra_id_1> O <extra_id_2> O <extra_id_3> O <extra_id_4> O <extra_id_5> O <extra_id_6> O <extra_id_7> O
<extra_id_0> O <extra_id_1> A1 <extra_id_2> A1 <extra_id_3> A1 <extra_id_4> O <extra_id_5> O
<extra_id_0> O
<extra_id_0> O <extra_id_1> A3 <extra_id_2> A4 <extra_id_3> A5 <extra_id_4> A5 <extra_id_5> A5 <extra_id_6> A5
<extra_id_0> A1 <extra_id_1> A2 <extra_id_2> A3 <extra_id_3> A3
<extra_id_0> O <extra_id_1> O <extra_id_2> O <extra_id_3> A1 <extra_id_4> O <extra_id_5> O <extra_id_6> A2
<extra_id_0> O <extra_id_1> O <extra_id_2> A1 <extra_id_3> A1 <extra_id_4> O <extra_id_5> O <extra_id_6> O <extra_id_7> O
<extra_id_0> O <extra_id_1> O <extra_id_2> O <extra_id_3> O <extra_id_4> A1 <extra_id_5> O <extra_id_6> O
<extra_id_0> O <extra_id_1> O <extra_id_2> O <extra_id_3> A2 <extra_id_4> A2 <extra_id_5> O
<extra_id_0> O <extra_id_1> O <extra_id_2> O <extra_id_3> O
<extra_id_0> A1 <extra_id_1> A1 <extra_id_2> O
<extra_id_0> O <extra_id_1> O <extra_id_2> O <extra_id_3> O <extra_id_4> O <extra_id_5> O <extra_id_6> O <extra_id_7> O
<extra_id_0> O <extra_id_1> O <extra_id_2> O <extra_id_3> O
<extra_id_0> O <extra_id_1> O <extra_id_2> O <extra_id_3> O <extra_id_4> O <extra_id_5> O <extra_id_6> O <extra_id_7> O
<extra_id_0> O <extra_id_1> O <extra_id_2> O <extra_id_3> O <extra_id_4> O
<extra_id_0> O <extra_id_1> O <extra_id_2> O <extra_id_3> O <extra_id_4> O <extra_id_5> O <extra_id_6> O <extra_id_7> A1 <extra_id_8> A1 <extra_id_9> A1
<extra_id_0> O <extra_id_1> O <extra_id_2> O
<extra_id_0> O <extra_id_1> O <extra_id_2> O
<extra_id_0> O <extra_id_1> O <extra_id_2> O <extra_id_3> O <extra_id_4> A1 <extra_id_5> A2
<extra_id_0> O <extra_id_1> O <extra_id_2> O <extra_id_3> O <extra_id_4> O
<extra_id_0> O <extra_id_1> O <extra_id_2> O <extra_id_3> O <extra_id_4> O <extra_id_5> O
<extra_id_0> O <extra_id_1> O <extra_id_2> O <extra_id_3> O <extra_id_4> A1 <extra_id_5> A1
<extra_id_0> A1 <extra_id_1> A1 <extra_id_2> A2 <extra_id_3> O <extra_id_4> A3 <extra_id_5> A3
<extra_id_0> O <extra_id_1> O <extra_id_2> O <extra_id_3> O <extra_id_4> O <extra_id_5> A1 <extra_id_6> A1
<extra_id_0> O <extra_id_1> O <extra_id_2> O <extra_id_3> O
<extra_id_0> O <extra_id_1> O <extra_id_2> O
<extra_id_0> O <extra_id_1> O <extra_id_2> O <extra_id_3> O <extra_id_4> O <extra_id_5> O
<extra_id_0> A1 <extra_id_1> O <extra_id_2> A2 <extra_id_3> A2 <extra_id_4> A2
<extra_id_0> O <extra_id_1> O <extra_id_2> O <extra_id_3> A1 <extra_id_4> A1 <extra_id_5> O <extra_id_6> O
<extra_id_0> O <extra_id_1> A1 <extra_id_2> A2 <extra_id_3> O <extra_id_4> O <extra_id_5> O
<extra_id_0> O <extra_id_1> O <extra_id_2> O <extra_id_3> O <extra_id_4> O <extra_id_5> A1
<extra_id_0> O <extra_id_1> A3 <extra_id_2> A3 <extra_id_3> A4 <extra_id_4> A4 <extra_id_5> O <extra_id_6> A2
<extra_id_0> O <extra_id_1> O <extra_id_2> O <extra_id_3> O <extra_id_4> O <extra_id_5> O <extra_id_6> A1 <extra_id_7> A1
<extra_id_0> O <extra_id_1> O <extra_id_2> O <extra_id_3> O <extra_id_4> O <extra_id_5> O <extra_id_6> O
<extra_id_0> O <extra_id_1> O <extra_id_2> O <extra_id_3> A1 <extra_id_4> A1 <extra_id_5> A1 <extra_id_6> O
<extra_id_0> O <extra_id_1> O <extra_id_2> O <extra_id_3> O <extra_id_4> O <extra_id_5> O <extra_id_6> O <extra_id_7> O
<extra_id_0> O <extra_id_1> O <extra_id_2> O <extra_id_3> O <extra_id_4> O <extra_id_5> O <extra_id_6> O
<extra_id_0> O <extra_id_1> O <extra_id_2> O <extra_id_3> O <extra_id_4> O <extra_id_5> O <extra_id_6> O
<extra_id_0> O <extra_id_1> O <extra_id_2> O <extra_id_3> O <extra_id_4> O <extra_id_5> O <extra_id_6> O
<extra_id_0> O <extra_id_1> O <extra_id_2> O <extra_id_3> A1 <extra_id_4> O <extra_id_5> O
<extra_id_0> O <extra_id_1> O <extra_id_2> O <extra_id_3> O <extra_id_4> A1 <extra_id_5> O <extra_id_6> O
<extra_id_0> O <extra_id_1> O <extra_id_2> O <extra_id_3> O <extra_id_4> O <extra_id_5> O <extra_id_6> O <extra_id_7> O
<extra_id_0> O <extra_id_1> O <extra_id_2> O <extra_id_3> O <extra_id_4> O <extra_id_5> O <extra_id_6> O <extra_id_7> O <extra_id_8> A1
<extra_id_0> O <extra_id_1> O <extra_id_2> O <extra_id_3> O <extra_id_4> O <extra_id_5> O <extra_id_6> O <extra_id_7> O
<extra_id_0> O <extra_id_1> O <extra_id_2> O <extra_id_3> O
<extra_id_0> O <extra_id_1> O <extra_id_2> A1 <extra_id_3> O <extra_id_4> A1
<extra_id_0> A1 <extra_id_1> A2 <extra_id_2> A3 <extra_id_3> O <extra_id_4> O <extra_id_5> O
<extra_id_0> O <extra_id_1> O <extra_id_2> A1 <extra_id_3> A3 <extra_id_4> O
<extra_id_0> O <extra_id_1> A2 <extra_id_2> A1 <extra_id_3> A1 <extra_id_4> O <extra_id_5> A3
<extra_id_0> A2 <extra_id_1> O <extra_id_2> A3 <extra_id_3> A4 <extra_id_4> A5
<extra_id_0> A1 <extra_id_1> A1 <extra_id_2> O <extra_id_3> O
<extra_id_0> A1 <extra_id_1> A2 <extra_id_2> O <extra_id_3> A3 <extra_id_4> A3
<extra_id_0> A2 <extra_id_1> A3 <extra_id_2> A4 <extra_id_3> O <extra_id_4> A5
<extra_id_0> O <extra_id_1> O <extra_id_2> O <extra_id_3> O <extra_id_4> O <extra_id_5> O
<extra_id_0> O <extra_id_1> O <extra_id_2> O <extra_id_3> A2 <extra_id_4> A3
<extra_id_0> O <extra_id_1> A1 <extra_id_2> O <extra_id_3> A3 <extra_id_4> A2
<extra_id_0> O <extra_id_1> A1 <extra_id_2> O <extra_id_3> O <extra_id_4> A3
<extra_id_0> A2 <extra_id_1> A1 <extra_id_2> A1 <extra_id_3> A4 <extra_id_4> O
<extra_id_0> A1 <extra_id_1> A1 <extra_id_2> A1 <extra_id_3> O <extra_id_4> A2 <extra_id_5> O <extra_id_6> O
<extra_id_0> O
<extra_id_0> O <extra_id_1> A1 <extra_id_2> A1 <extra_id_3> A1
<extra_id_0> A1 <extra_id_1> O <extra_id_2> O <extra_id_3> O <extra_id_4> A2 <extra_id_5> O <extra_id_6> O
<extra_id_0> O <extra_id_1> O <extra_id_2> O <extra_id_3> O <extra_id_4> O <extra_id_5> O <extra_id_6> O <extra_id_7> A1
<extra_id_0> O <extra_id_1> O <extra_id_2> O <extra_id_3> O <extra_id_4> O <extra_id_5> O <extra_id_6> O <extra_id_7> O
<extra_id_0> O <extra_id_1> O <extra_id_2> O <extra_id_3> O <extra_id_4> O <extra_id_5> O <extra_id_6> O <extra_id_7> O <extra_id_8> O <extra_id_9> O
<extra_id_0> O <extra_id_1> O
<extra_id_0> O <extra_id_1> O <extra_id_2> A3 <extra_id_3> A3
<extra_id_0> A1 <extra_id_1> A2 <extra_id_2> A3 <extra_id_3> A3 <extra_id_4> O <extra_id_5> O <extra_id_6> O
<extra_id_0> A1 <extra_id_1> O
<extra_id_0> O <extra_id_1> A2 <extra_id_2> A3 <extra_id_3> A1 <extra_id_4> A4 <extra_id_5> A4 <extra_id_6> A4
<extra_id_0> A3 <extra_id_1> A4 <extra_id_2> O <extra_id_3> O
<extra_id_0> O <extra_id_1> O <extra_id_2> A1 <extra_id_3> A2 <extra_id_4> O <extra_id_5> O <extra_id_6> O <extra_id_7> O
<extra_id_0> A2 <extra_id_1> A3 <extra_id_2> A4 <extra_id_3> A1 <extra_id_4> O <extra_id_5> A1
<extra_id_0> O <extra_id_1> O <extra_id_2> O <extra_id_3> O <extra_id_4> O <extra_id_5> O <extra_id_6> O <extra_id_7> A2 <extra_id_8> O <extra_id_9> A2
<extra_id_0> A1 <extra_id_1> A3 <extra_id_2> A3 <extra_id_3> A5
<extra_id_0> O <extra_id_1> O <extra_id_2> A1 <extra_id_3> O <extra_id_4> A2 <extra_id_5> O
<extra_id_0> O <extra_id_1> O <extra_id_2> A2 <extra_id_3> O <extra_id_4> A3 <extra_id_5> A4
<extra_id_0> A1 <extra_id_1> O <extra_id_2> O <extra_id_3> O <extra_id_4> A2 <extra_id_5> O
<extra_id_0> O <extra_id_1> O <extra_id_2> O <extra_id_3> O <extra_id_4> O <extra_id_5> O <extra_id_6> O <extra_id_7> O <extra_id_8> O
<extra_id_0> O <extra_id_1> A1 <extra_id_2> O <extra_id_3> O <extra_id_4> O
<extra_id_0> O <extra_id_1> O <extra_id_2> O <extra_id_3> O <extra_id_4> O <extra_id_5> O <extra_id_6> O
<extra_id_0> O <extra_id_1> O <extra_id_2> O <extra_id_3> O <extra_id_4> O
<extra_id_0> A2 <extra_id_1> O <extra_id_2> O <extra_id_3> O <extra_id_4> A3 <extra_id_5> A3 <extra_id_6> A3 <extra_id_7> A3
<extra_id_0> A1 <extra_id_1> O <extra_id_2> O <extra_id_3> O
<extra_id_0> O <extra_id_1> O <extra_id_2> O <extra_id_3> O <extra_id_4> A1 <extra_id_5> A2 <extra_id_6> O <extra_id_7> A2
<extra_id_0> O <extra_id_1> O <extra_id_2> A1 <extra_id_3> A2 <extra_id_4> A3 <extra_id_5> A3 <extra_id_6> O <extra_id_7> A4 <extra_id_8> A4
<extra_id_0> O <extra_id_1> O <extra_id_2> A1 <extra_id_3> A1 <extra_id_4> O <extra_id_5> O <extra_id_6> O <extra_id_7> O
<extra_id_0> A1 <extra_id_1> A2 <extra_id_2> A2 <extra_id_3> A3 <extra_id_4> O <extra_id_5> O <extra_id_6> O
<extra_id_0> O <extra_id_1> A1 <extra_id_2> A2 <extra_id_3> A3 <extra_id_4> A4
<extra_id_0> O <extra_id_1> A1 <extra_id_2> O <extra_id_3> O <extra_id_4> O <extra_id_5> O <extra_id_6> O
<extra_id_0> O <extra_id_1> O <extra_id_2> O <extra_id_3> O <extra_id_4> A1 <extra_id_5> O <extra_id_6> O
<extra_id_0> O <extra_id_1> O <extra_id_2> O <extra_id_3> A1 <extra_id_4> A2 <extra_id_5> A3
<extra_id_0> O <extra_id_1> O <extra_id_2> O <extra_id_3> O <extra_id_4> O <extra_id_5> O <extra_id_6> O <extra_id_7> O <extra_id_8> O <extra_id_9> O
<extra_id_0> O <extra_id_1> A1 <extra_id_2> O
<extra_id_0> O <extra_id_1> A1 <extra_id_2> A1 <extra_id_3> O <extra_id_4> O
<extra_id_0> A2 <extra_id_1> O <extra_id_2> A4 <extra_id_3> O
<extra_id_0> A1 <extra_id_1> O <extra_id_2> O <extra_id_3> O <extra_id_4> O <extra_id_5> A2 <extra_id_6> O <extra_id_7> A2
<extra_id_0> O <extra_id_1> O <extra_id_2> O <extra_id_3> O <extra_id_4> O <extra_id_5> O <extra_id_6> O <extra_id_7> A1
<extra_id_0> O <extra_id_1> O
<extra_id_0> O <extra_id_1> O <extra_id_2> O <extra_id_3> A2 <extra_id_4> A3 <extra_id_5> A4
<extra_id_0> A1 <extra_id_1> O <extra_id_2> O <extra_id_3> O <extra_id_4> O
<extra_id_0> O <extra_id_1> O <extra_id_2> O <extra_id_3> O <extra_id_4> O <extra_id_5> O <extra_id_6> O <extra_id_7> O
<extra_id_0> O <extra_id_1> A1 <extra_id_2> O <extra_id_3> A2 <extra_id_4> A3 <extra_id_5> A4
<extra_id_0> A2 <extra_id_1> A2 <extra_id_2> A3 <extra_id_3> O <extra_id_4> O <extra_id_5> A4 <extra_id_6> A5 <extra_id_7> A1
<extra_id_0> O <extra_id_1> O <extra_id_2> A2 <extra_id_3> A2 <extra_id_4> A3 <extra_id_5> A3
<extra_id_0> O <extra_id_1> O <extra_id_2> O <extra_id_3> A1 <extra_id_4> A1 <extra_id_5> A1 <extra_id_6> O <extra_id_7> O
<extra_id_0> A5 <extra_id_1> A1 <extra_id_2> O <extra_id_3> O <extra_id_4> A6 <extra_id_5> A6
<extra_id_0> O <extra_id_1> O <extra_id_2> O <extra_id_3> O <extra_id_4> O <extra_id_5> O <extra_id_6> O <extra_id_7> O <extra_id_8> O
<extra_id_0> O <extra_id_1> A1 <extra_id_2> O <extra_id_3> A2 <extra_id_4> O <extra_id_5> O <extra_id_6> O
<extra_id_0> O <extra_id_1> O <extra_id_2> O <extra_id_3> A1 <extra_id_4> A2
<extra_id_0> A2 <extra_id_1> A2
<extra_id_0> A1 <extra_id_1> A1 <extra_id_2> A3 <extra_id_3> A4
<extra_id_0> O <extra_id_1> O <extra_id_2> A1 <extra_id_3> O <extra_id_4> O <extra_id_5> O
<extra_id_0> O <extra_id_1> O <extra_id_2> O <extra_id_3> A1 <extra_id_4> O <extra_id_5> O <extra_id_6> O <extra_id_7> A2 <extra_id_8> A2
<extra_id_0> A1 <extra_id_1> O <extra_id_2> A1 <extra_id_3> O <extra_id_4> O <extra_id_5> O <extra_id_6> O
<extra_id_0> O <extra_id_1> O <extra_id_2> O <extra_id_3> O <extra_id_4> O <extra_id_5> O <extra_id_6> O
<extra_id_0> O <extra_id_1> O <extra_id_2> A1 <extra_id_3> A2 <extra_id_4> A2 <extra_id_5> A1
<extra_id_0> O <extra_id_1> O <extra_id_2> O <extra_id_3> O <extra_id_4> O <extra_id_5> O <extra_id_6> O <extra_id_7> A1 <extra_id_8> O
<extra_id_0> O <extra_id_1> O <extra_id_2> O <extra_id_3> A1 <extra_id_4> A3 <extra_id_5> A4 <extra_id_6> A4 <extra_id_7> A5
<extra_id_0> A2 <extra_id_1> A3 <extra_id_2> A4 <extra_id_3> A4 <extra_id_4> O
<extra_id_0> O <extra_id_1> O <extra_id_2> O <extra_id_3> A1 <extra_id_4> A2 <extra_id_5> A3 <extra_id_6> A3
<extra_id_0> O <extra_id_1> A1 <extra_id_2> A1 <extra_id_3> O <extra_id_4> A2 <extra_id_5> A3
<extra_id_0> A1 <extra_id_1> A2 <extra_id_2> O <extra_id_3> A3 <extra_id_4> A4
<extra_id_0> O
<extra_id_0> O <extra_id_1> O <extra_id_2> O
<extra_id_0> A1 <extra_id_1> A2 <extra_id_2> A4 <extra_id_3> A6 <extra_id_4> A5
<extra_id_0> O <extra_id_1> O <extra_id_2> O <extra_id_3> O <extra_id_4> O <extra_id_5> O <extra_id_6> A1
<extra_id_0> O <extra_id_1> O <extra_id_2> O <extra_id_3> O <extra_id_4> A1 <extra_id_5> O <extra_id_6> A2 <extra_id_7> A3
<extra_id_0> A1 <extra_id_1> O <extra_id_2> O <extra_id_3> O <extra_id_4> A2 <extra_id_5> O
<extra_id_0> O <extra_id_1> O <extra_id_2> O <extra_id_3> A1 <extra_id_4> A2 <extra_id_5> O <extra_id_6> O
<extra_id_0> A2 <extra_id_1> A2 <extra_id_2> A2 <extra_id_3> A2 <extra_id_4> A3 <extra_id_5> O
<extra_id_0> O
<extra_id_0> O <extra_id_1> O <extra_id_2> O <extra_id_3> O <extra_id_4> A2 <extra_id_5> A3
<extra_id_0> O <extra_id_1> A1 <extra_id_2> O <extra_id_3> O <extra_id_4> O
<extra_id_0> A1 <extra_id_1> A2 <extra_id_2> A2 <extra_id_3> O <extra_id_4> A3 <extra_id_5> A4
<extra_id_0> A1 <extra_id_1> A1 <extra_id_2> A2 <extra_id_3> O <extra_id_4> O <extra_id_5> O <extra_id_6> A3
<extra_id_0> O
<extra_id_0> O <extra_id_1> A1 <extra_id_2> A2 <extra_id_3> O
<extra_id_0> O <extra_id_1> A1 <extra_id_2> A1 <extra_id_3> O <extra_id_4> A2 <extra_id_5> A2
<extra_id_0> A1 <extra_id_1> O <extra_id_2> O <extra_id_3> A2 <extra_id_4> O <extra_id_5> O <extra_id_6> O
<extra_id_0> O <extra_id_1> A1 <extra_id_2> O <extra_id_3> O <extra_id_4> A2 <extra_id_5> A3 <extra_id_6> A3
<extra_id_0> O <extra_id_1> O <extra_id_2> O <extra_id_3> O
<extra_id_0> O <extra_id_1> O <extra_id_2> A1 <extra_id_3> A2
<extra_id_0> O <extra_id_1> O <extra_id_2> O <extra_id_3> A1 <extra_id_4> O <extra_id_5> O <extra_id_6> O
<extra_id_0> O <extra_id_1> O <extra_id_2> O <extra_id_3> O <extra_id_4> O <extra_id_5> O <extra_id_6> O
<extra_id_0> O <extra_id_1> O <extra_id_2> O <extra_id_3> A1 <extra_id_4> A2 <extra_id_5> A2
<extra_id_0> O <extra_id_1> O <extra_id_2> O <extra_id_3> O <extra_id_4> O <extra_id_5> O <extra_id_6> O <extra_id_7> O
<extra_id_0> O <extra_id_1> O <extra_id_2> O <extra_id_3> O <extra_id_4> A1 <extra_id_5> A1
<extra_id_0> O <extra_id_1> O <extra_id_2> O <extra_id_3> O <extra_id_4> O <extra_id_5> O <extra_id_6> O
<extra_id_0> O <extra_id_1> O <extra_id_2> O <extra_id_3> O <extra_id_4> O <extra_id_5> O <extra_id_6> O <extra_id_7> A1 <extra_id_8> O
<extra_id_0> O
<extra_id_0> O <extra_id_1> O <extra_id_2> A1 <extra_id_3> O <extra_id_4> O <extra_id_5> O <extra_id_6> O
<extra_id_0> O <extra_id_1> A1
<extra_id_0> O <extra_id_1> O <extra_id_2> O <extra_id_3> O <extra_id_4> O <extra_id_5> O <extra_id_6> A3 <extra_id_7> A5 <extra_id_8> A5 <extra_id_9> A4 <extra_id_10> A4
<extra_id_0> O <extra_id_1> O <extra_id_2> A1 <extra_id_3> O <extra_id_4> O <extra_id_5> O <extra_id_6> O <extra_id_7> A2 <extra_id_8> A2 <extra_id_9> O <extra_id_10> A3
<extra_id_0> O <extra_id_1> A1 <extra_id_2> A1 <extra_id_3> A1 <extra_id_4> A2 <extra_id_5> A2 <extra_id_6> A2
<extra_id_0> O <extra_id_1> O <extra_id_2> O <extra_id_3> A1 <extra_id_4> O <extra_id_5> A1 <extra_id_6> O
<extra_id_0> O <extra_id_1> O <extra_id_2> O <extra_id_3> O <extra_id_4> O <extra_id_5> O <extra_id_6> O <extra_id_7> A1
<extra_id_0> O <extra_id_1> O <extra_id_2> O
<extra_id_0> O <extra_id_1> O <extra_id_2> A1 <extra_id_3> O <extra_id_4> O <extra_id_5> A2 <extra_id_6> A2 <extra_id_7> A2 <extra_id_8> O <extra_id_9> A2 <extra_id_10> O <extra_id_11> A2
<extra_id_0> O <extra_id_1> A2 <extra_id_2> A3 <extra_id_3> O <extra_id_4> A3 <extra_id_5> A3
<extra_id_0> O <extra_id_1> O <extra_id_2> O <extra_id_3> O <extra_id_4> A2 <extra_id_5> A1 <extra_id_6> O
<extra_id_0> A1 <extra_id_1> A1 <extra_id_2> A2 <extra_id_3> A2 <extra_id_4> A2 <extra_id_5> O <extra_id_6> A3
<extra_id_0> O <extra_id_1> A1 <extra_id_2> O <extra_id_3> O <extra_id_4> A2 <extra_id_5> A2
<extra_id_0> O <extra_id_1> O <extra_id_2> A1 <extra_id_3> A1 <extra_id_4> A1 <extra_id_5> O <extra_id_6> O <extra_id_7> O <extra_id_8> O <extra_id_9> O <extra_id_10> A2
<extra_id_0> O <extra_id_1> O <extra_id_2> O <extra_id_3> O <extra_id_4> O <extra_id_5> O <extra_id_6> O <extra_id_7> O
<extra_id_0> O <extra_id_1> O <extra_id_2> O <extra_id_3> O <extra_id_4> O <extra_id_5> O <extra_id_6> O <extra_id_7> A1 <extra_id_8> A1 <extra_id_9> A1
<extra_id_0> O <extra_id_1> O <extra_id_2> O <extra_id_3> O <extra_id_4> A1 <extra_id_5> O <extra_id_6> O
<extra_id_0> O <extra_id_1> O <extra_id_2> O <extra_id_3> O <extra_id_4> O <extra_id_5> A1 <extra_id_6> A2
<extra_id_0> O <extra_id_1> O <extra_id_2> O <extra_id_3> O <extra_id_4> A1 <extra_id_5> O <extra_id_6> O <extra_id_7> O <extra_id_8> O
<extra_id_0> O <extra_id_1> O <extra_id_2> O <extra_id_3> O <extra_id_4> O <extra_id_5> A1 <extra_id_6> O
<extra_id_0> O <extra_id_1> A1 <extra_id_2> O <extra_id_3> O <extra_id_4> A3 <extra_id_5> A2
<extra_id_0> O <extra_id_1> O
<extra_id_0> O <extra_id_1> A2 <extra_id_2> O <extra_id_3> O <extra_id_4> A3
<extra_id_0> O <extra_id_1> O <extra_id_2> A1 <extra_id_3> A2 <extra_id_4> A3 <extra_id_5> A3 <extra_id_6> A4
<extra_id_0> A1 <extra_id_1> A1 <extra_id_2> O <extra_id_3> A3 <extra_id_4> A4 <extra_id_5> A5 <extra_id_6> A5
<extra_id_0> A1 <extra_id_1> A3 <extra_id_2> A3 <extra_id_3> A3 <extra_id_4> A3 <extra_id_5> A3 <extra_id_6> A3
<extra_id_0> O <extra_id_1> O <extra_id_2> A1 <extra_id_3> A1 <extra_id_4> O <extra_id_5> A2
<extra_id_0> O <extra_id_1> O <extra_id_2> A1 <extra_id_3> A2 <extra_id_4> O <extra_id_5> O <extra_id_6> O
<extra_id_0> O
<extra_id_0> A3 <extra_id_1> A1 <extra_id_2> O <extra_id_3> O
<extra_id_0> A2 <extra_id_1> A3 <extra_id_2> A4 <extra_id_3> A5 <extra_id_4> A7 <extra_id_5> O <extra_id_6> A8 <extra_id_7> A6
<extra_id_0> O <extra_id_1> A1 <extra_id_2> A1 <extra_id_3> O <extra_id_4> A3 <extra_id_5> A3 <extra_id_6> A3 <extra_id_7> O <extra_id_8> O <extra_id_9> A3
<extra_id_0> A1 <extra_id_1> A2 <extra_id_2> O
<extra_id_0> A1 <extra_id_1> A2 <extra_id_2> O <extra_id_3> O <extra_id_4> A3 <extra_id_5> O
<extra_id_0> A1 <extra_id_1> O <extra_id_2> O <extra_id_3> O <extra_id_4> O <extra_id_5> O <extra_id_6> O
<extra_id_0> A1 <extra_id_1> O <extra_id_2> O <extra_id_3> O <extra_id_4> O
<extra_id_0> A2 <extra_id_1> A3 <extra_id_2> A1
<extra_id_0> A1 <extra_id_1> A2 <extra_id_2> A3
<extra_id_0> O
<extra_id_0> O <extra_id_1> O <extra_id_2> A2 <extra_id_3> A3 <extra_id_4> A3 <extra_id_5> O
<extra_id_0> O <extra_id_1> A1 <extra_id_2> A2 <extra_id_3> O <extra_id_4> A3 <extra_id_5> A4
<extra_id_0> O <extra_id_1> O <extra_id_2> O <extra_id_3> O <extra_id_4> O <extra_id_5> O <extra_id_6> A2 <extra_id_7> A3
<extra_id_0> O <extra_id_1> A2 <extra_id_2> A1 <extra_id_3> A1 <extra_id_4> O <extra_id_5> O
<extra_id_0> O <extra_id_1> O <extra_id_2> A1 <extra_id_3> A2 <extra_id_4> O <extra_id_5> O
<extra_id_0> O <extra_id_1> A1 <extra_id_2> O <extra_id_3> O <extra_id_4> O <extra_id_5> O
<extra_id_0> A2 <extra_id_1> A2 <extra_id_2> A2 <extra_id_3> A3 <extra_id_4> A4 <extra_id_5> A4 <extra_id_6> A4
<extra_id_0> A1 <extra_id_1> O <extra_id_2> O <extra_id_3> O <extra_id_4> A2 <extra_id_5> A3
<extra_id_0> O <extra_id_1> O <extra_id_2> A1 <extra_id_3> O <extra_id_4> O <extra_id_5> O <extra_id_6> A2 <extra_id_7> A2
<extra_id_0> O <extra_id_1> O <extra_id_2> O <extra_id_3> O <extra_id_4> O
<extra_id_0> O <extra_id_1> O <extra_id_2> A1 <extra_id_3> A2 <extra_id_4> O <extra_id_5> A2
<extra_id_0> O <extra_id_1> A1 <extra_id_2> O <extra_id_3> O <extra_id_4> O <extra_id_5> A3
<extra_id_0> A1 <extra_id_1> A1 <extra_id_2> A3 <extra_id_3> A3 <extra_id_4> O <extra_id_5> O <extra_id_6> A4 <extra_id_7> A4
<extra_id_0> O <extra_id_1> O <extra_id_2> O <extra_id_3> A1 <extra_id_4> A2 <extra_id_5> O <extra_id_6> O <extra_id_7> A3 <extra_id_8> O <extra_id_9> A5
<extra_id_0> A1 <extra_id_1> O <extra_id_2> A2 <extra_id_3> O <extra_id_4> O <extra_id_5> A4 <extra_id_6> A4
<extra_id_0> A1 <extra_id_1> O <extra_id_2> O <extra_id_3> A2 <extra_id_4> O <extra_id_5> O <extra_id_6> O
<extra_id_0> O <extra_id_1> O <extra_id_2> O <extra_id_3> O <extra_id_4> O <extra_id_5> A1 <extra_id_6> O
<extra_id_0> O <extra_id_1> O <extra_id_2> O <extra_id_3> O <extra_id_4> O <extra_id_5> A1 <extra_id_6> O <extra_id_7> O
<extra_id_0> O <extra_id_1> O <extra_id_2> O <extra_id_3> O <extra_id_4> O <extra_id_5> A1 <extra_id_6> A1 <extra_id_7> O
<extra_id_0> O <extra_id_1> O <extra_id_2> O <extra_id_3> O <extra_id_4> O <extra_id_5> O <extra_id_6> O
<extra_id_0> A1 <extra_id_1> O <extra_id_2> O <extra_id_3> A2 <extra_id_4> A3
<extra_id_0> O <extra_id_1> A2 <extra_id_2> A1 <extra_id_3> O <extra_id_4> A3 <extra_id_5> O <extra_id_6> A4 <extra_id_7> A4
<extra_id_0> A2 <extra_id_1> O <extra_id_2> O <extra_id_3> O <extra_id_4> O <extra_id_5> O <extra_id_6> A3 <extra_id_7> A4 <extra_id_8> O <extra_id_9> A4 <extra_id_10> A4 <extra_id_11> A4 <extra_id_12> A5 <extra_id_13> A7 <extra_id_14> A8
<extra_id_0> O <extra_id_1> O <extra_id_2> A2 <extra_id_3> A1 <extra_id_4> O <extra_id_5> O <extra_id_6> O <extra_id_7> A3
<extra_id_0> O <extra_id_1> O <extra_id_2> O <extra_id_3> O <extra_id_4> O <extra_id_5> O <extra_id_6> O <extra_id_7> O <extra_id_8> O <extra_id_9> O
<extra_id_0> O <extra_id_1> O <extra_id_2> O <extra_id_3> O <extra_id_4> O <extra_id_5> O <extra_id_6> O <extra_id_7> O <extra_id_8> O
<extra_id_0> O <extra_id_1> O <extra_id_2> O <extra_id_3> O <extra_id_4> A1 <extra_id_5> O <extra_id_6> A2
<extra_id_0> O <extra_id_1> O <extra_id_2> O <extra_id_3> O <extra_id_4> O <extra_id_5> O <extra_id_6> O <extra_id_7> O
<extra_id_0> O <extra_id_1> A1 <extra_id_2> O <extra_id_3> O <extra_id_4> A2 <extra_id_5> O <extra_id_6> O
<extra_id_0> O <extra_id_1> A1 <extra_id_2> A2 <extra_id_3> O <extra_id_4> O <extra_id_5> O <extra_id_6> O <extra_id_7> O
<extra_id_0> O <extra_id_1> O <extra_id_2> O <extra_id_3> O <extra_id_4> O <extra_id_5> O <extra_id_6> O <extra_id_7> O
<extra_id_0> O <extra_id_1> A1 <extra_id_2> O <extra_id_3> A4 <extra_id_4> A4
<extra_id_0> O <extra_id_1> A1 <extra_id_2> O <extra_id_3> O <extra_id_4> O <extra_id_5> O <extra_id_6> O
<extra_id_0> A1 <extra_id_1> O
<extra_id_0> O <extra_id_1> A1 <extra_id_2> O <extra_id_3> O <extra_id_4> A2 <extra_id_5> O <extra_id_6> O
<extra_id_0> O <extra_id_1> A1 <extra_id_2> A1 <extra_id_3> O
<extra_id_0> O <extra_id_1> O <extra_id_2> O <extra_id_3> O <extra_id_4> O <extra_id_5> O <extra_id_6> O <extra_id_7> O
<extra_id_0> O <extra_id_1> A1 <extra_id_2> A2 <extra_id_3> O <extra_id_4> O <extra_id_5> O <extra_id_6> A3
<extra_id_0> O <extra_id_1> A1 <extra_id_2> O <extra_id_3> O <extra_id_4> O <extra_id_5> A2 <extra_id_6> A2 <extra_id_7> A3 <extra_id_8> O <extra_id_9> O <extra_id_10> A3
<extra_id_0> A1 <extra_id_1> A1 <extra_id_2> O <extra_id_3> O <extra_id_4> O <extra_id_5> A2 <extra_id_6> O <extra_id_7> O
<extra_id_0> O <extra_id_1> O <extra_id_2> A2 <extra_id_3> A3 <extra_id_4> A3
<extra_id_0> A1 <extra_id_1> A2 <extra_id_2> O <extra_id_3> O <extra_id_4> O <extra_id_5> O <extra_id_6> O
<extra_id_0> O <extra_id_1> A1 <extra_id_2> O <extra_id_3> O <extra_id_4> O <extra_id_5> A3
<extra_id_0> O <extra_id_1> A1 <extra_id_2> A2 <extra_id_3> A2 <extra_id_4> A2 <extra_id_5> O <extra_id_6> O
<extra_id_0> O <extra_id_1> O <extra_id_2> O <extra_id_3> O <extra_id_4> O <extra_id_5> O <extra_id_6> O
<extra_id_0> A1 <extra_id_1> A1 <extra_id_2> A2 <extra_id_3> A2 <extra_id_4> A2 <extra_id_5> A3 <extra_id_6> A3
<extra_id_0> O <extra_id_1> O <extra_id_2> O
<extra_id_0> O <extra_id_1> O <extra_id_2> A3 <extra_id_3> O
<extra_id_0> O <extra_id_1> O <extra_id_2> A1 <extra_id_3> O <extra_id_4> O <extra_id_5> O <extra_id_6> O <extra_id_7> O <extra_id_8> O
<extra_id_0> O <extra_id_1> A1 <extra_id_2> A1 <extra_id_3> A1 <extra_id_4> A1 <extra_id_5> O
<extra_id_0> A1 <extra_id_1> A2 <extra_id_2> A3
<extra_id_0> O <extra_id_1> A1 <extra_id_2> A2 <extra_id_3> A3
<extra_id_0> O
<extra_id_0> O <extra_id_1> A2 <extra_id_2> A3 <extra_id_3> A5 <extra_id_4> A5 <extra_id_5> A1 <extra_id_6> A1
<extra_id_0> O <extra_id_1> O <extra_id_2> A3 <extra_id_3> A3 <extra_id_4> A3 <extra_id_5> A5
<extra_id_0> A1 <extra_id_1> A1 <extra_id_2> O <extra_id_3> O <extra_id_4> O <extra_id_5> A2 <extra_id_6> O
<extra_id_0> O
<extra_id_0> O <extra_id_1> O <extra_id_2> A2 <extra_id_3> O <extra_id_4> O
<extra_id_0> O <extra_id_1> O <extra_id_2> O <extra_id_3> O <extra_id_4> O <extra_id_5> O <extra_id_6> A1 <extra_id_7> A1
<extra_id_0> A1 <extra_id_1> A2 <extra_id_2> O <extra_id_3> A3 <extra_id_4> O <extra_id_5> O <extra_id_6> A5 <extra_id_7> A5
<extra_id_0> A1 <extra_id_1> A1 <extra_id_2> A2 <extra_id_3> A2 <extra_id_4> A4 <extra_id_5> O <extra_id_6> A5
<extra_id_0> O <extra_id_1> O <extra_id_2> A1 <extra_id_3> A2 <extra_id_4> A3 <extra_id_5> O <extra_id_6> A3
<extra_id_0> A1 <extra_id_1> O <extra_id_2> O
<extra_id_0> O <extra_id_1> A2 <extra_id_2> A3 <extra_id_3> A4
<extra_id_0> O <extra_id_1> A1 <extra_id_2> O <extra_id_3> O <extra_id_4> O <extra_id_5> O <extra_id_6> O
<extra_id_0> O <extra_id_1> O <extra_id_2> O <extra_id_3> O
<extra_id_0> O <extra_id_1> O <extra_id_2> O <extra_id_3> O <extra_id_4> A3 <extra_id_5> A3 <extra_id_6> A3
<extra_id_0> O <extra_id_1> O <extra_id_2> A1 <extra_id_3> A2 <extra_id_4> A2 <extra_id_5> O <extra_id_6> O
<extra_id_0> O <extra_id_1> O <extra_id_2> O <extra_id_3> O <extra_id_4> O <extra_id_5> A1 <extra_id_6> A1 <extra_id_7> A2
<extra_id_0> O <extra_id_1> A1 <extra_id_2> A1 <extra_id_3> A1 <extra_id_4> A1 <extra_id_5> O <extra_id_6> O <extra_id_7> O
<extra_id_0> O
<extra_id_0> O <extra_id_1> A2 <extra_id_2> A2 <extra_id_3> O <extra_id_4> A3
<extra_id_0> O <extra_id_1> O <extra_id_2> O <extra_id_3> A2 <extra_id_4> O <extra_id_5> O
<extra_id_0> O <extra_id_1> O <extra_id_2> O <extra_id_3> O <extra_id_4> O <extra_id_5> O
<extra_id_0> A1 <extra_id_1> O <extra_id_2> O
<extra_id_0> A1 <extra_id_1> A2 <extra_id_2> O <extra_id_3> O <extra_id_4> O
<extra_id_0> O <extra_id_1> A1 <extra_id_2> A1 <extra_id_3> A4
<extra_id_0> O <extra_id_1> A1 <extra_id_2> O <extra_id_3> O <extra_id_4> O <extra_id_5> O
<extra_id_0> O <extra_id_1> O <extra_id_2> O <extra_id_3> O <extra_id_4> O <extra_id_5> O <extra_id_6> O <extra_id_7> O
<extra_id_0> O <extra_id_1> O <extra_id_2> O <extra_id_3> O <extra_id_4> O <extra_id_5> O <extra_id_6> O
<extra_id_0> O <extra_id_1> O <extra_id_2> A1 <extra_id_3> A1 <extra_id_4> O <extra_id_5> O
<extra_id_0> O <extra_id_1> O <extra_id_2> O <extra_id_3> O <extra_id_4> O <extra_id_5> O <extra_id_6> A1 <extra_id_7> O <extra_id_8> A1
<extra_id_0> O <extra_id_1> A1 <extra_id_2> O <extra_id_3> O <extra_id_4> O <extra_id_5> O <extra_id_6> O
<extra_id_0> O <extra_id_1> O <extra_id_2> A1 <extra_id_3> O <extra_id_4> O <extra_id_5> O <extra_id_6> O <extra_id_7> O
<extra_id_0> O <extra_id_1> O <extra_id_2> O <extra_id_3> A1 <extra_id_4> A2 <extra_id_5> O <extra_id_6> A2
<extra_id_0> O <extra_id_1> O <extra_id_2> O <extra_id_3> A1 <extra_id_4> A1 <extra_id_5> O <extra_id_6> O <extra_id_7> A2 <extra_id_8> A3
<extra_id_0> A1 <extra_id_1> A1 <extra_id_2> O <extra_id_3> O <extra_id_4> O <extra_id_5> O
<extra_id_0> O <extra_id_1> O <extra_id_2> O <extra_id_3> O <extra_id_4> O <extra_id_5> A1 <extra_id_6> A2
<extra_id_0> O <extra_id_1> O <extra_id_2> O <extra_id_3> O
<extra_id_0> O <extra_id_1> O <extra_id_2> O <extra_id_3> O <extra_id_4> A1 <extra_id_5> A2
<extra_id_0> A1 <extra_id_1> A2
<extra_id_0> O <extra_id_1> O <extra_id_2> O <extra_id_3> O <extra_id_4> A2 <extra_id_5> O <extra_id_6> O
<extra_id_0> O <extra_id_1> O <extra_id_2> O <extra_id_3> O <extra_id_4> O <extra_id_5> A1 <extra_id_6> O
<extra_id_0> O <extra_id_1> A1 <extra_id_2> A1 <extra_id_3> A2 <extra_id_4> A2
<extra_id_0> A1 <extra_id_1> A2 <extra_id_2> A2 <extra_id_3> O <extra_id_4> O <extra_id_5> O <extra_id_6> O <extra_id_7> O <extra_id_8> A3
<extra_id_0> O <extra_id_1> O <extra_id_2> O <extra_id_3> O <extra_id_4> O <extra_id_5> A1 <extra_id_6> O <extra_id_7> A2
<extra_id_0> O <extra_id_1> O <extra_id_2> A1 <extra_id_3> O <extra_id_4> O <extra_id_5> O <extra_id_6> O <extra_id_7> O <extra_id_8> O
<extra_id_0> O <extra_id_1> O <extra_id_2> O <extra_id_3> O <extra_id_4> O <extra_id_5> O <extra_id_6> O <extra_id_7> O <extra_id_8> O
<extra_id_0> O <extra_id_1> O <extra_id_2> O <extra_id_3> O
<extra_id_0> O <extra_id_1> O <extra_id_2> A2 <extra_id_3> A2 <extra_id_4> A3 <extra_id_5> A5 <extra_id_6> A1
<extra_id_0> O
<extra_id_0> O <extra_id_1> O <extra_id_2> A1 <extra_id_3> A1 <extra_id_4> A1
<extra_id_0> A1 <extra_id_1> A2 <extra_id_2> A3 <extra_id_3> A4
<extra_id_0> A2 <extra_id_1> A3 <extra_id_2> O <extra_id_3> O
<extra_id_0> A1 <extra_id_1> O <extra_id_2> O
<extra_id_0> A1 <extra_id_1> A2 <extra_id_2> O <extra_id_3> O <extra_id_4> A3 <extra_id_5> A4
<extra_id_0> O <extra_id_1> O
<extra_id_0> O <extra_id_1> A1 <extra_id_2> O <extra_id_3> O <extra_id_4> A3 <extra_id_5> A3
<extra_id_0> A1 <extra_id_1> O <extra_id_2> O <extra_id_3> A2
<extra_id_0> O <extra_id_1> A1 <extra_id_2> O <extra_id_3> A2 <extra_id_4> O
<extra_id_0> O <extra_id_1> A2 <extra_id_2> O <extra_id_3> A4 <extra_id_4> A4 <extra_id_5> A3 <extra_id_6> A4 <extra_id_7> A4 <extra_id_8> A4
<extra_id_0> O <extra_id_1> O <extra_id_2> O <extra_id_3> O <extra_id_4> O <extra_id_5> O <extra_id_6> O <extra_id_7> A1
<extra_id_0> O <extra_id_1> O <extra_id_2> O <extra_id_3> O <extra_id_4> A1 <extra_id_5> A1 <extra_id_6> A2
<extra_id_0> O <extra_id_1> O <extra_id_2> A1
<extra_id_0> O <extra_id_1> A2 <extra_id_2> O <extra_id_3> A1 <extra_id_4> A1 <extra_id_5> O
<extra_id_0> O <extra_id_1> O <extra_id_2> O <extra_id_3> O <extra_id_4> O <extra_id_5> A1 <extra_id_6> A1 <extra_id_7> O <extra_id_8> A2
<extra_id_0> O <extra_id_1> O <extra_id_2> O <extra_id_3> O <extra_id_4> O <extra_id_5> O <extra_id_6> O <extra_id_7> O <extra_id_8> O <extra_id_9> O <extra_id_10> O
<extra_id_0> O <extra_id_1> O <extra_id_2> A1 <extra_id_3> A1 <extra_id_4> A1 <extra_id_5> A1 <extra_id_6> A1 <extra_id_7> A1 <extra_id_8> A1
<extra_id_0> A1 <extra_id_1> O <extra_id_2> O <extra_id_3> O <extra_id_4> O <extra_id_5> O <extra_id_6> O
<extra_id_0> O <extra_id_1> O <extra_id_2> A1 <extra_id_3> O <extra_id_4> O
<extra_id_0> O <extra_id_1> A1 <extra_id_2> A2 <extra_id_3> A2 <extra_id_4> A3 <extra_id_5> A3 <extra_id_6> A3
<extra_id_0> A2 <extra_id_1> A3 <extra_id_2> A4 <extra_id_3> A4 <extra_id_4> O <extra_id_5> A5
<extra_id_0> O
<extra_id_0> O <extra_id_1> O <extra_id_2> O <extra_id_3> O <extra_id_4> O <extra_id_5> O <extra_id_6> A1 <extra_id_7> A1
<extra_id_0> O <extra_id_1> A1 <extra_id_2> O <extra_id_3> A2 <extra_id_4> O <extra_id_5> A3 <extra_id_6> A3
<extra_id_0> O <extra_id_1> O <extra_id_2> A1 <extra_id_3> O <extra_id_4> O <extra_id_5> O <extra_id_6> O <extra_id_7> O
<extra_id_0> O <extra_id_1> O <extra_id_2> O <extra_id_3> A1 <extra_id_4> A2 <extra_id_5> O <extra_id_6> O
<extra_id_0> O <extra_id_1> O <extra_id_2> A1 <extra_id_3> O <extra_id_4> O <extra_id_5> O
<extra_id_0> A3 <extra_id_1> A3 <extra_id_2> A4 <extra_id_3> A4
<extra_id_0> O <extra_id_1> O <extra_id_2> O <extra_id_3> A1 <extra_id_4> O
<extra_id_0> O <extra_id_1> A2 <extra_id_2> A3 <extra_id_3> A4
<extra_id_0> A1 <extra_id_1> A2 <extra_id_2> A3 <extra_id_3> O <extra_id_4> A4
<extra_id_0> A1 <extra_id_1> O <extra_id_2> O <extra_id_3> A4 <extra_id_4> A5 <extra_id_5> A5
<extra_id_0> O <extra_id_1> A2 <extra_id_2> O <extra_id_3> A2 <extra_id_4> O <extra_id_5> O <extra_id_6> O
<extra_id_0> A1 <extra_id_1> A1 <extra_id_2> O <extra_id_3> A2 <extra_id_4> O <extra_id_5> O <extra_id_6> O
<extra_id_0> A3 <extra_id_1> A1 <extra_id_2> O <extra_id_3> O <extra_id_4> O
<extra_id_0> O <extra_id_1> A1 <extra_id_2> O <extra_id_3> A2 <extra_id_4> O <extra_id_5> A3
<extra_id_0> O <extra_id_1> O <extra_id_2> O <extra_id_3> A1
<extra_id_0> O <extra_id_1> O <extra_id_2> O <extra_id_3> O <extra_id_4> A1 <extra_id_5> A1
<extra_id_0> O <extra_id_1> A1 <extra_id_2> A2 <extra_id_3> A4 <extra_id_4> A5
<extra_id_0> O <extra_id_1> O <extra_id_2> O <extra_id_3> O <extra_id_4> A2 <extra_id_5> O
<extra_id_0> O <extra_id_1> O <extra_id_2> O <extra_id_3> O <extra_id_4> O <extra_id_5> O <extra_id_6> O <extra_id_7> O <extra_id_8> O
<extra_id_0> A1 <extra_id_1> O <extra_id_2> A2 <extra_id_3> O <extra_id_4> O <extra_id_5> O <extra_id_6> O <extra_id_7> O
<extra_id_0> O <extra_id_1> O <extra_id_2> O <extra_id_3> A1
<extra_id_0> O
<extra_id_0> O <extra_id_1> A1 <extra_id_2> O <extra_id_3> O <extra_id_4> O <extra_id_5> A2 <extra_id_6> A2 <extra_id_7> A2
<extra_id_0> A1 <extra_id_1> A2 <extra_id_2> O <extra_id_3> A3 <extra_id_4> A3 <extra_id_5> A3
<extra_id_0> A1 <extra_id_1> O <extra_id_2> O <extra_id_3> O <extra_id_4> A2 <extra_id_5> O
<extra_id_0> A1 <extra_id_1> A2 <extra_id_2> A3 <extra_id_3> A4 <extra_id_4> A4 <extra_id_5> O
<extra_id_0> O <extra_id_1> A1 <extra_id_2> O <extra_id_3> A1 <extra_id_4> O <extra_id_5> O <extra_id_6> O
<extra_id_0> O <extra_id_1> O <extra_id_2> O <extra_id_3> O <extra_id_4> O <extra_id_5> O <extra_id_6> A1 <extra_id_7> A2
<extra_id_0> O <extra_id_1> A1 <extra_id_2> A2 <extra_id_3> A3 <extra_id_4> A3 <extra_id_5> A4
<extra_id_0> O <extra_id_1> O <extra_id_2> O <extra_id_3> O
<extra_id_0> O <extra_id_1> O <extra_id_2> A1 <extra_id_3> O <extra_id_4> O <extra_id_5> O <extra_id_6> O
<extra_id_0> O <extra_id_1> O <extra_id_2> O <extra_id_3> O <extra_id_4> O <extra_id_5> A1 <extra_id_6> A1 <extra_id_7> A1 <extra_id_8> A1
<extra_id_0> O <extra_id_1> A1 <extra_id_2> O <extra_id_3> O <extra_id_4> O <extra_id_5> O <extra_id_6> O <extra_id_7> O
<extra_id_0> O <extra_id_1> O <extra_id_2> O <extra_id_3> O <extra_id_4> O <extra_id_5> O <extra_id_6> O <extra_id_7> O <extra_id_8> O
<extra_id_0> O <extra_id_1> O <extra_id_2> O <extra_id_3> O <extra_id_4> O <extra_id_5> O <extra_id_6> O
<extra_id_0> O <extra_id_1> O <extra_id_2> O <extra_id_3> O <extra_id_4> O <extra_id_5> O <extra_id_6> O <extra_id_7> A1
<extra_id_0> O <extra_id_1> O <extra_id_2> O <extra_id_3> O <extra_id_4> O <extra_id_5> A1 <extra_id_6> A1 <extra_id_7> O <extra_id_8> O
<extra_id_0> O <extra_id_1> O <extra_id_2> O <extra_id_3> O <extra_id_4> O <extra_id_5> A1 <extra_id_6> O

<extra_id_0> O <extra_id_1> O <extra_id_2> O <extra_id_3> A1 <extra_id_4> A1 <extra_id_5> A1 <extra_id_6> A1 <extra_id_7> A1 <extra_id_8> A1
<extra_id_0> A1 <extra_id_1> A1 <extra_id_2> O <extra_id_3> O <extra_id_4> O <extra_id_5> A2 <extra_id_6> O
<extra_id_0> O <extra_id_1> O <extra_id_2> O <extra_id_3> A1 <extra_id_4> O
<extra_id_0> O <extra_id_1> O <extra_id_2> O <extra_id_3> A1 <extra_id_4> O <extra_id_5> A2 <extra_id_6> O
<extra_id_0> O <extra_id_1> O <extra_id_2> O <extra_id_3> O
<extra_id_0> A2 <extra_id_1> A3 <extra_id_2> A2 <extra_id_3> O <extra_id_4> A1 <extra_id_5> A1 <extra_id_6> A1 <extra_id_7> A1 <extra_id_8> A1 <extra_id_9> O <extra_id_10> A1
<extra_id_0> O <extra_id_1> O <extra_id_2> A1 <extra_id_3> A2 <extra_id_4> A3
<extra_id_0> A1 <extra_id_1> A3 <extra_id_2> O <extra_id_3> A4 <extra_id_4> A6
<extra_id_0> O <extra_id_1> A2 <extra_id_2> O <extra_id_3> O <extra_id_4> O <extra_id_5> O
<extra_id_0> A1 <extra_id_1> A1 <extra_id_2> O <extra_id_3> A2 <extra_id_4> A2 <extra_id_5> A3 <extra_id_6> A3
<extra_id_0> O <extra_id_1> O <extra_id_2> A1 <extra_id_3> O <extra_id_4> A2 <extra_id_5> O
<extra_id_0> O <extra_id_1> O <extra_id_2> O <extra_id_3> O <extra_id_4> O <extra_id_5> O <extra_id_6> O <extra_id_7> O <extra_id_8> O
<extra_id_0> O <extra_id_1> A1 <extra_id_2> A2 <extra_id_3> O <extra_id_4> O <extra_id_5> A2 <extra_id_6> A3
<extra_id_0> O <extra_id_1> O <extra_id_2> A2 <extra_id_3> A2 <extra_id_4> A3 <extra_id_5> O
<extra_id_0> O <extra_id_1> O <extra_id_2> O <extra_id_3> O <extra_id_4> O <extra_id_5> O <extra_id_6> A1
<extra_id_0> O <extra_id_1> A1 <extra_id_2> O <extra_id_3> A2
<extra_id_0> A1 <extra_id_1> A1 <extra_id_2> O <extra_id_3> O <extra_id_4> O <extra_id_5> O <extra_id_6> A2 <extra_id_7> A3
<extra_id_0> O <extra_id_1> O
<extra_id_0> A2 <extra_id_1> A4 <extra_id_2> A3 <extra_id_3> A5 <extra_id_4> A7 <extra_id_5> A6
<extra_id_0> O <extra_id_1> A1 <extra_id_2> A2 <extra_id_3> A3 <extra_id_4> A4 <extra_id_5> A5
<extra_id_0> A1 <extra_id_1> A2 <extra_id_2> A3 <extra_id_3> A3 <extra_id_4> A4
<extra_id_0> O <extra_id_1> A1 <extra_id_2> A2 <extra_id_3> A3 <extra_id_4> A4
<extra_id_0> A1 <extra_id_1> O <extra_id_2> O <extra_id_3> O
<extra_id_0> O <extra_id_1> O <extra_id_2> A1 <extra_id_3> O <extra_id_4> O <extra_id_5> A2
<extra_id_0> O <extra_id_1> O <extra_id_2> O <extra_id_3> O <extra_id_4> O <extra_id_5> O <extra_id_6> O
<extra_id_0> O <extra_id_1> O <extra_id_2> O <extra_id_3> A2 <extra_id_4> A3
<extra_id_0> A1 <extra_id_1> O <extra_id_2> O <extra_id_3> O <extra_id_4> A2 <extra_id_5> O
<extra_id_0> A1 <extra_id_1> A4 <extra_id_2> A5 <extra_id_3> A5
<extra_id_0> A1 <extra_id_1> A2 <extra_id_2> A2 <extra_id_3> O <extra_id_4> O <extra_id_5> O <extra_id_6> O
<extra_id_0> O <extra_id_1> O
<extra_id_0> O <extra_id_1> O <extra_id_2> O <extra_id_3> A2 <extra_id_4> A3
<extra_id_0> O <extra_id_1> A1 <extra_id_2> A1 <extra_id_3> A2 <extra_id_4> O <extra_id_5> A3
<extra_id_0> O <extra_id_1> A1 <extra_id_2> A1 <extra_id_3> A1 <extra_id_4> A3 <extra_id_5> A3
<extra_id_0> A2 <extra_id_1> A3 <extra_id_2> O <extra_id_3> O <extra_id_4> O
<extra_id_0> A1 <extra_id_1> O <extra_id_2> O <extra_id_3> A5 <extra_id_4> A5 <extra_id_5> A5
<extra_id_0> O <extra_id_1> A1 <extra_id_2> A1 <extra_id_3> A4 <extra_id_4> O
<extra_id_0> O <extra_id_1> O <extra_id_2> O <extra_id_3> O <extra_id_4> O <extra_id_5> O
<extra_id_0> O <extra_id_1> O <extra_id_2> A2 <extra_id_3> A1 <extra_id_4> A2 <extra_id_5> O
<extra_id_0> O <extra_id_1> O <extra_id_2> O <extra_id_3> O <extra_id_4> O <extra_id_5> O <extra_id_6> O <extra_id_7> O <extra_id_8> O <extra_id_9> O <extra_id_10> O <extra_id_11> A1 <extra_id_12> A1
<extra_id_0> O <extra_id_1> O <extra_id_2> O <extra_id_3> O <extra_id_4> O <extra_id_5> O
<extra_id_0> A1 <extra_id_1> A1 <extra_id_2> O <extra_id_3> A2 <extra_id_4> A2 <extra_id_5> O
<extra_id_0> O <extra_id_1> O <extra_id_2> O
<extra_id_0> O <extra_id_1> O <extra_id_2> A1 <extra_id_3> A1 <extra_id_4> O <extra_id_5> O <extra_id_6> A2
<extra_id_0> O <extra_id_1> O <extra_id_2> O <extra_id_3> A1 <extra_id_4> O <extra_id_5> O <extra_id_6> O
<extra_id_0> O
<extra_id_0> O <extra_id_1> O <extra_id_2> O <extra_id_3> O <extra_id_4> O <extra_id_5> A1
<extra_id_0> O <extra_id_1> A2 <extra_id_2> A3 <extra_id_3> O <extra_id_4> O <extra_id_5> O
<extra_id_0> O <extra_id_1> O <extra_id_2> O
<extra_id_0> A2 <extra_id_1> A2 <extra_id_2> A2 <extra_id_3> A2 <extra_id_4> A2 <extra_id_5> O
<extra_id_0> O <extra_id_1> O <extra_id_2> O <extra_id_3> O <extra_id_4> A1 <extra_id_5> O <extra_id_6> A4 <extra_id_7> A4 <extra_id_8> A3
<extra_id_0> O <extra_id_1> O <extra_id_2> O <extra_id_3> O <extra_id_4> O <extra_id_5> O <extra_id_6> A1
<extra_id_0> A1 <extra_id_1> A1 <extra_id_2> A1 <extra_id_3> A2 <extra_id_4> O <extra_id_5> A2
<extra_id_0> O <extra_id_1> O <extra_id_2> O <extra_id_3> A1 <extra_id_4> A1 <extra_id_5> O <extra_id_6> O <extra_id_7> O
<extra_id_0> O <extra_id_1> O <extra_id_2> O <extra_id_3> O
<extra_id_0> O <extra_id_1> A2 <extra_id_2> A2 <extra_id_3> A1 <extra_id_4> A5
<extra_id_0> A1 <extra_id_1> A1 <extra_id_2> A1 <extra_id_3> A2 <extra_id_4> A2
<extra_id_0> A1 <extra_id_1> A2 <extra_id_2> A2 <extra_id_3> O <extra_id_4> A3
<extra_id_0> O <extra_id_1> O <extra_id_2> O
<extra_id_0> O <extra_id_1> O <extra_id_2> O <extra_id_3> A2 <extra_id_4> A5 <extra_id_5> A1
<extra_id_0> O <extra_id_1> A2 <extra_id_2> A3
<extra_id_0> A1 <extra_id_1> A1 <extra_id_2> O <extra_id_3> A2 <extra_id_4> A3 <extra_id_5> A4
<extra_id_0> O
<extra_id_0> A5 <extra_id_1> A5 <extra_id_2> A6 <extra_id_3> A6
<extra_id_0> A3 <extra_id_1> O <extra_id_2> O <extra_id_3> O
<extra_id_0> O <extra_id_1> A2 <extra_id_2> O <extra_id_3> O <extra_id_4> A4 <extra_id_5> A5
<extra_id_0> O <extra_id_1> O <extra_id_2> O <extra_id_3> O
<extra_id_0> O <extra_id_1> A1 <extra_id_2> A2 <extra_id_3> A3 <extra_id_4> A3 <extra_id_5> A4
<extra_id_0> O <extra_id_1> A1 <extra_id_2> O <extra_id_3> O <extra_id_4> O
<extra_id_0> O <extra_id_1> O <extra_id_2> A1 <extra_id_3> A2 <extra_id_4> O <extra_id_5> O
<extra_id_0> O <extra_id_1> O <extra_id_2> O <extra_id_3> A1 <extra_id_4> A2
<extra_id_0> O <extra_id_1> A1 <extra_id_2> O <extra_id_3> O <extra_id_4> O
<extra_id_0> O <extra_id_1> O <extra_id_2> A2 <extra_id_3> O
<extra_id_0> A1 <extra_id_1> A1 <extra_id_2> A1 <extra_id_3> O <extra_id_4> A4 <extra_id_5> A3
<extra_id_0> O <extra_id_1> A2 <extra_id_2> A5 <extra_id_3> O
<extra_id_0> O <extra_id_1> O <extra_id_2> O <extra_id_3> A3 <extra_id_4> O <extra_id_5> O
<extra_id_0> O <extra_id_1> O <extra_id_2> O <extra_id_3> O <extra_id_4> O
<extra_id_0> O <extra_id_1> O <extra_id_2> O <extra_id_3> O <extra_id_4> A1 <extra_id_5> A2
<extra_id_0> A1 <extra_id_1> O <extra_id_2> A2 <extra_id_3> A3 <extra_id_4> A4
<extra_id_0> O <extra_id_1> A1 <extra_id_2> A2 <extra_id_3> A3 <extra_id_4> O <extra_id_5> A4 <extra_id_6> A5
<extra_id_0> A1 <extra_id_1> O <extra_id_2> O
<extra_id_0> O <extra_id_1> O <extra_id_2> O <extra_id_3> A2 <extra_id_4> A3
<extra_id_0> A1 <extra_id_1> A3 <extra_id_2> A2 <extra_id_3> A4 <extra_id_4> O
<extra_id_0> A1 <extra_id_1> O <extra_id_2> O <extra_id_3> O <extra_id_4> O <extra_id_5> A2 <extra_id_6> O <extra_id_7> A2
<extra_id_0> A1 <extra_id_1> O <extra_id_2> O
<extra_id_0> O <extra_id_1> O <extra_id_2> O <extra_id_3> O <extra_id_4> O <extra_id_5> A1
<extra_id_0> A1 <extra_id_1> A1 <extra_id_2> A2 <extra_id_3> A2 <extra_id_4> A2 <extra_id_5> A2
<extra_id_0> A1 <extra_id_1> A2 <extra_id_2> A3 <extra_id_3> A4 <extra_id_4> A5
<extra_id_0> O <extra_id_1> A2 <extra_id_2> A2 <extra_id_3> A3 <extra_id_4> A4 <extra_id_5> O <extra_id_6> A4
<extra_id_0> O <extra_id_1> O <extra_id_2> A1 <extra_id_3> A2 <extra_id_4> A3 <extra_id_5> O <extra_id_6> O
<extra_id_0> O <extra_id_1> O <extra_id_2> O
<extra_id_0> O <extra_id_1> A2
<extra_id_0> A1 <extra_id_1> A1 <extra_id_2> A1 <extra_id_3> A2 <extra_id_4> O
<extra_id_0> O <extra_id_1> O <extra_id_2> O <extra_id_3> O <extra_id_4> O <extra_id_5> O
<extra_id_0> O <extra_id_1> O <extra_id_2> O <extra_id_3> O <extra_id_4> O <extra_id_5> O <extra_id_6> O <extra_id_7> O
<extra_id_0> O <extra_id_1> A1 <extra_id_2> O <extra_id_3> O <extra_id_4> O
<extra_id_0> O <extra_id_1> O <extra_id_2> A2 <extra_id_3> A3 <extra_id_4> A4 <extra_id_5> O <extra_id_6> O <extra_id_7> O <extra_id_8> A5 <extra_id_9> A6 <extra_id_10> A6 <extra_id_11> A1 <extra_id_12> A1 <extra_id_13> A1
<extra_id_0> A1 <extra_id_1> A1 <extra_id_2> A1 <extra_id_3> A2 <extra_id_4> A4
<extra_id_0> O <extra_id_1> O
<extra_id_0> A2 <extra_id_1> A5 <extra_id_2> A5 <extra_id_3> A3 <extra_id_4> A1
<extra_id_0> A1 <extra_id_1> O <extra_id_2> O <extra_id_3> O
<extra_id_0> A1 <extra_id_1> O <extra_id_2> O <extra_id_3> O <extra_id_4> O <extra_id_5> A3
<extra_id_0> O <extra_id_1> O <extra_id_2> O <extra_id_3> A3
<extra_id_0> O <extra_id_1> O <extra_id_2> O <extra_id_3> A1 <extra_id_4> O
<extra_id_0> O <extra_id_1> O <extra_id_2> A2 <extra_id_3> A2 <extra_id_4> A1 <extra_id_5> A3 <extra_id_6> O
<extra_id_0> O <extra_id_1> O <extra_id_2> A1 <extra_id_3> O <extra_id_4> O
<extra_id_0> O <extra_id_1> O <extra_id_2> A1 <extra_id_3> A3 <extra_id_4> A5
<extra_id_0> O <extra_id_1> O <extra_id_2> O <extra_id_3> A1 <extra_id_4> O <extra_id_5> A2 <extra_id_6> A2 <extra_id_7> A2
<extra_id_0> A1
<extra_id_0> O <extra_id_1> A3 <extra_id_2> A2 <extra_id_3> O <extra_id_4> O <extra_id_5> A4 <extra_id_6> A4 <extra_id_7> A4
<extra_id_0> O <extra_id_1> O
<extra_id_0> O <extra_id_1> A1 <extra_id_2> A3 <extra_id_3> A3 <extra_id_4> A3
<extra_id_0> A1 <extra_id_1> A3 <extra_id_2> A2 <extra_id_3> A3 <extra_id_4> A2
<extra_id_0> A1 <extra_id_1> O <extra_id_2> A2 <extra_id_3> O <extra_id_4> O <extra_id_5> O <extra_id_6> A3
<extra_id_0> A1 <extra_id_1> O <extra_id_2> O <extra_id_3> A2 <extra_id_4> A2 <extra_id_5> O <extra_id_6> O <extra_id_7> O <extra_id_8> A3
<extra_id_0> O <extra_id_1> O <extra_id_2> O <extra_id_3> O <extra_id_4> O <extra_id_5> O <extra_id_6> A1
<extra_id_0> A2 <extra_id_1> A2 <extra_id_2> A3 <extra_id_3> A1
<extra_id_0> A1 <extra_id_1> O <extra_id_2> A2 <extra_id_3> A3 <extra_id_4> A4
<extra_id_0> O <extra_id_1> O <extra_id_2> A1 <extra_id_3> O <extra_id_4> O <extra_id_5> A2
<extra_id_0> A1 <extra_id_1> A1 <extra_id_2> A3 <extra_id_3> A4 <extra_id_4> A4
<extra_id_0> O <extra_id_1> O <extra_id_2> O
<extra_id_0> O <extra_id_1> O <extra_id_2> O <extra_id_3> A2 <extra_id_4> O <extra_id_5> A3 <extra_id_6> O <extra_id_7> A1 <extra_id_8> A1
<extra_id_0> A1 <extra_id_1> A2 <extra_id_2> O <extra_id_3> O
